Component: ARM Compiler 6.16 Tool: armlink [5dfeaa00]

==============================================================================

Section Cross References

    hal_entry.o(.text.rtc_callback) refers to hal_entry.o(.bss.rtc_flag) for rtc_flag
    hal_entry.o(.text.rtc_callback) refers to hal_entry.o(.bss.rtc_alarm_flag) for rtc_alarm_flag
    hal_entry.o(.ARM.exidx.text.rtc_callback) refers to hal_entry.o(.text.rtc_callback) for [Anonymous Symbol]
    hal_entry.o(.text.user_uart_callback) refers to hal_entry.o(.bss.uart_send_complete_flag) for uart_send_complete_flag
    hal_entry.o(.ARM.exidx.text.user_uart_callback) refers to hal_entry.o(.text.user_uart_callback) for [Anonymous Symbol]
    hal_entry.o(.text.fputc) refers to r_sci_uart.o(.text.R_SCI_UART_Write) for R_SCI_UART_Write
    hal_entry.o(.text.fputc) refers to hal_data.o(.bss.g_uart9_ctrl) for g_uart9_ctrl
    hal_entry.o(.text.fputc) refers to hal_entry.o(.bss.uart_send_complete_flag) for uart_send_complete_flag
    hal_entry.o(.ARM.exidx.text.fputc) refers to hal_entry.o(.text.fputc) for [Anonymous Symbol]
    hal_entry.o(.text.timer0_callback) refers to multi_button.o(.text.button_ticks) for button_ticks
    hal_entry.o(.text.timer0_callback) refers to hal_tube.o(.text.tube_show) for tube_show
    hal_entry.o(.text.timer0_callback) refers to hal_entry.o(.bss.ulltimecnt) for ulltimecnt
    hal_entry.o(.text.timer0_callback) refers to hal_entry.o(.bss.button_timecnt) for button_timecnt
    hal_entry.o(.ARM.exidx.text.timer0_callback) refers to hal_entry.o(.text.timer0_callback) for [Anonymous Symbol]
    hal_entry.o(.ARM.exidx.text.read_button_GPIO) refers to hal_entry.o(.text.read_button_GPIO) for [Anonymous Symbol]
    hal_entry.o(.text.BTN1_SINGLE_Click_Handler) refers to r_rtc.o(.text.R_RTC_CalendarTimeGet) for R_RTC_CalendarTimeGet
    hal_entry.o(.text.BTN1_SINGLE_Click_Handler) refers to hal_entry.o(.bss.show_mode) for show_mode
    hal_entry.o(.text.BTN1_SINGLE_Click_Handler) refers to hal_data.o(.bss.g_rtc0_ctrl) for g_rtc0_ctrl
    hal_entry.o(.text.BTN1_SINGLE_Click_Handler) refers to hal_entry.o(.bss.get_time) for get_time
    hal_entry.o(.text.BTN1_SINGLE_Click_Handler) refers to hal_entry.o(.bss.set_hour) for set_hour
    hal_entry.o(.text.BTN1_SINGLE_Click_Handler) refers to hal_entry.o(.bss.set_min) for set_min
    hal_entry.o(.ARM.exidx.text.BTN1_SINGLE_Click_Handler) refers to hal_entry.o(.text.BTN1_SINGLE_Click_Handler) for [Anonymous Symbol]
    hal_entry.o(.text.BTN2_SINGLE_Click_Handler) refers to hal_entry.o(.bss.show_mode) for show_mode
    hal_entry.o(.text.BTN2_SINGLE_Click_Handler) refers to hal_entry.o(.bss.set_min) for set_min
    hal_entry.o(.text.BTN2_SINGLE_Click_Handler) refers to hal_entry.o(.bss.set_hour) for set_hour
    hal_entry.o(.ARM.exidx.text.BTN2_SINGLE_Click_Handler) refers to hal_entry.o(.text.BTN2_SINGLE_Click_Handler) for [Anonymous Symbol]
    hal_entry.o(.text.BTN3_SINGLE_Click_Handler) refers to hal_entry.o(.bss.show_mode) for show_mode
    hal_entry.o(.text.BTN3_SINGLE_Click_Handler) refers to hal_entry.o(.bss.set_min) for set_min
    hal_entry.o(.text.BTN3_SINGLE_Click_Handler) refers to hal_entry.o(.bss.set_hour) for set_hour
    hal_entry.o(.ARM.exidx.text.BTN3_SINGLE_Click_Handler) refers to hal_entry.o(.text.BTN3_SINGLE_Click_Handler) for [Anonymous Symbol]
    hal_entry.o(.text.BTN4_SINGLE_Click_Handler) refers to r_rtc.o(.text.R_RTC_CalendarTimeSet) for R_RTC_CalendarTimeSet
    hal_entry.o(.text.BTN4_SINGLE_Click_Handler) refers to hal_entry.o(.bss.show_mode) for show_mode
    hal_entry.o(.text.BTN4_SINGLE_Click_Handler) refers to hal_entry.o(.bss.set_hour) for set_hour
    hal_entry.o(.text.BTN4_SINGLE_Click_Handler) refers to hal_entry.o(.data.set_time) for set_time
    hal_entry.o(.text.BTN4_SINGLE_Click_Handler) refers to hal_entry.o(.bss.set_min) for set_min
    hal_entry.o(.text.BTN4_SINGLE_Click_Handler) refers to hal_data.o(.bss.g_rtc0_ctrl) for g_rtc0_ctrl
    hal_entry.o(.ARM.exidx.text.BTN4_SINGLE_Click_Handler) refers to hal_entry.o(.text.BTN4_SINGLE_Click_Handler) for [Anonymous Symbol]
    hal_entry.o(.text.BTN2_LONG_PRESS_HOLD_Handler) refers to hal_entry.o(.bss.show_mode) for show_mode
    hal_entry.o(.text.BTN2_LONG_PRESS_HOLD_Handler) refers to hal_entry.o(.bss.set_min) for set_min
    hal_entry.o(.text.BTN2_LONG_PRESS_HOLD_Handler) refers to hal_entry.o(.bss.set_hour) for set_hour
    hal_entry.o(.ARM.exidx.text.BTN2_LONG_PRESS_HOLD_Handler) refers to hal_entry.o(.text.BTN2_LONG_PRESS_HOLD_Handler) for [Anonymous Symbol]
    hal_entry.o(.text.BTN3_LONG_PRESS_HOLD_Handler) refers to hal_entry.o(.bss.show_mode) for show_mode
    hal_entry.o(.text.BTN3_LONG_PRESS_HOLD_Handler) refers to hal_entry.o(.bss.set_min) for set_min
    hal_entry.o(.text.BTN3_LONG_PRESS_HOLD_Handler) refers to hal_entry.o(.bss.set_hour) for set_hour
    hal_entry.o(.ARM.exidx.text.BTN3_LONG_PRESS_HOLD_Handler) refers to hal_entry.o(.text.BTN3_LONG_PRESS_HOLD_Handler) for [Anonymous Symbol]
[...]
    Removing common_data.o(.rodata.g_ioport), (12 bytes).
    Removing hal_data.o(.text), (0 bytes).
    Removing hal_data.o(.text.g_hal_init), (4 bytes).
    Removing hal_data.o(.ARM.exidx.text.g_hal_init), (8 bytes).
    Removing hal_data.o(.rodata.g_flash0_cfg), (32 bytes).
    Removing hal_data.o(.bss.g_flash0_ctrl), (56 bytes).
    Removing hal_data.o(.rodata.g_flash0), (12 bytes).
    Removing hal_data.o(.rodata.g_timer0), (12 bytes).
    Removing hal_data.o(.rodata.g_rtc0), (12 bytes).
    Removing hal_data.o(.rodata.g_uart9), (12 bytes).
    Removing main.o(.text), (0 bytes).
    Removing main.o(.ARM.exidx.text.main), (8 bytes).
    Removing main.o(.ARM.use_no_argv), (4 bytes).
    Removing pin_data.o(.text), (0 bytes).
    Removing vector_data.o(.text), (0 bytes).
    Removing r_flash_lp.o(.text), (0 bytes).
    Removing r_flash_lp.o(.text.R_FLASH_LP_Open), (144 bytes).
    Removing r_flash_lp.o(.ARM.exidx.text.R_FLASH_LP_Open), (8 bytes).
    Removing r_flash_lp.o(.text.R_FLASH_LP_Write), (120 bytes).
    Removing r_flash_lp.o(.ARM.exidx.text.R_FLASH_LP_Write), (8 bytes).
    Removing r_flash_lp.o(.text.R_FLASH_LP_Erase), (148 bytes).
    Removing r_flash_lp.o(.ARM.exidx.text.R_FLASH_LP_Erase), (8 bytes).
    Removing r_flash_lp.o(.text.R_FLASH_LP_BlankCheck), (148 bytes).
    Removing r_flash_lp.o(.ARM.exidx.text.R_FLASH_LP_BlankCheck), (8 bytes).
    Removing r_flash_lp.o(.text.R_FLASH_LP_InfoGet), (32 bytes).
    Removing r_flash_lp.o(.ARM.exidx.text.R_FLASH_LP_InfoGet), (8 bytes).
    Removing r_flash_lp.o(.text.R_FLASH_LP_Close), (48 bytes).
    Removing r_flash_lp.o(.ARM.exidx.text.R_FLASH_LP_Close), (8 bytes).
    Removing r_flash_lp.o(.text.R_FLASH_LP_StatusGet), (24 bytes).
    Removing r_flash_lp.o(.ARM.exidx.text.R_FLASH_LP_StatusGet), (8 bytes).
    Removing r_flash_lp.o(.text.R_FLASH_LP_AccessWindowSet), (4 bytes).
    Removing r_flash_lp.o(.ARM.exidx.text.R_FLASH_LP_AccessWindowSet), (8 bytes).
    Removing r_flash_lp.o(.text.R_FLASH_LP_AccessWindowClear), (8 bytes).
    Removing r_flash_lp.o(.ARM.exidx.text.R_FLASH_LP_AccessWindowClear), (8 bytes).
    Removing r_flash_lp.o(.text.R_FLASH_LP_IdCodeSet), (4 bytes).
    Removing r_flash_lp.o(.ARM.exidx.text.R_FLASH_LP_IdCodeSet), (8 bytes).
    Removing r_flash_lp.o(.text.R_FLASH_LP_Reset), (10 bytes).
    Removing r_flash_lp.o(.ARM.exidx.text.R_FLASH_LP_Reset), (8 bytes).
    Removing r_flash_lp.o(.text.R_FLASH_LP_UpdateFlashClockFreq), (24 bytes).
    Removing r_flash_lp.o(.ARM.exidx.text.R_FLASH_LP_UpdateFlashClockFreq), (8 bytes).
    Removing r_flash_lp.o(.text.R_FLASH_LP_StartUpAreaSelect), (12 bytes).
    Removing r_flash_lp.o(.ARM.exidx.text.R_FLASH_LP_StartUpAreaSelect), (8 bytes).
    Removing r_flash_lp.o(.text.R_FLASH_LP_BankSwap), (4 bytes).
    Removing r_flash_lp.o(.ARM.exidx.text.R_FLASH_LP_BankSwap), (8 bytes).
    Removing r_flash_lp.o(.text.R_FLASH_LP_CallbackSet), (4 bytes).
    Removing r_flash_lp.o(.ARM.exidx.text.R_FLASH_LP_CallbackSet), (8 bytes).
    Removing r_flash_lp.o(.text.r_flash_lp_setup), (252 bytes).
    Removing r_flash_lp.o(.ARM.exidx.text.r_flash_lp_setup), (8 bytes).
    Removing r_flash_lp.o(.text.r_flash_lp_set_fisr), (60 bytes).
    Removing r_flash_lp.o(.ARM.exidx.text.r_flash_lp_set_fisr), (8 bytes).
    Removing r_flash_lp.o(.ARM.exidx.code_in_ram), (152 bytes).
    Removing r_flash_lp.o(.ARM.exidx.text.r_flash_lp_df_enter_pe_mode), (8 bytes).
    Removing r_flash_lp.o(.ARM.exidx.text.fcu_frdyi_isr), (8 bytes).
    Removing r_flash_lp.o(.ARM.exidx.text.r_flash_lp_df_write_monitor), (8 bytes).
    Removing r_flash_lp.o(.rodata.g_flash_on_flash_lp), (60 bytes).
    Removing r_flash_lp.o(.rodata.g_code_flash_macro_info), (16 bytes).
    Removing r_flash_lp.o(.rodata.g_data_flash_macro_info), (16 bytes).
    Removing r_flash_lp.o(.rodata.g_flash_code_region), (8 bytes).
    Removing r_flash_lp.o(.rodata.g_flash_data_region), (8 bytes).

291 unused section(s) (total 6856 bytes) removed from the image.

==============================================================================

Adding Veneers to the image

    Adding TT veneer (12 bytes, Long) for call to 'r_flash_lp_wait_for_ready' from r_flash_lp.o(.text.fcu_frdyi_isr).
    Adding TT veneer (12 bytes, Long) for call to 'r_flash_lp_reset' from r_flash_lp.o(.text.fcu_frdyi_isr).
    Adding TT veneer (12 bytes, Long) for call to 'r_flash_lp_pe_mode_exit' from r_flash_lp.o(.text.fcu_frdyi_isr).
    Adding TT veneer (12 bytes, Long) for call to 'r_flash_lp_delay_us' from r_flash_lp.o(.text.r_flash_lp_df_enter_pe_mode).
    Adding TT veneer (12 bytes, Long) for call to 'r_flash_lp_write_fpmcr' from r_flash_lp.o(.text.r_flash_lp_df_enter_pe_mode).
    Adding TT veneer (12 bytes, Long) for call to 'r_flash_lp_df_enter_pe_mode' from r_flash_lp.o(.code_in_ram).

6 Veneer(s) (total 72 bytes) added to the image.

==============================================================================

Image Symbol Table

    Local Symbols

    Symbol Name                              Value     Ov Type        Size  Object(Section)

    ../clib/longlong.c                       0x00000000   Number         0  llmul.o ABSOLUTE
    ../clib/microlib/division.c              0x00000000   Number         0  ldiv.o ABSOLUTE
    ../clib/microlib/division.c              0x00000000   Number         0  uldiv.o ABSOLUTE
    ../clib/microlib/longlong.c              0x00000000   Number         0  llshl.o ABSOLUTE
    ../clib/microlib/longlong.c              0x00000000   Number         0  llushr.o ABSOLUTE
    ../clib/microlib/string/memcmp.c         0x00000000   Number         0  memcmp.o ABSOLUTE
    ../clib/microlib/string/memcpy.c         0x00000000   Number         0  memcpya.o ABSOLUTE
    ../clib/microlib/string/memcpy.c         0x00000000   Number         0  memcpyb.o ABSOLUTE
    ../clib/microlib/string/memset.c         0x00000000   Number         0  memseta.o ABSOLUTE
    __tagsym$$used.1                         0x00000000   Number         0  startup.o(.fixed_vectors)
    bsp_clocks.c                             0x00000000   Number         0  bsp_clocks.o ABSOLUTE
    bsp_common.c                             0x00000000   Number         0  bsp_common.o ABSOLUTE
    bsp_delay.c                              0x00000000   Number         0  bsp_delay.o ABSOLUTE
    bsp_group_irq.c                          0x00000000   Number         0  bsp_group_irq.o ABSOLUTE
    bsp_guard.c                              0x00000000   Number         0  bsp_guard.o ABSOLUTE
    bsp_io.c                                 0x00000000   Number         0  bsp_io.o ABSOLUTE
    bsp_irq.c                                0x00000000   Number         0  bsp_irq.o ABSOLUTE
    bsp_register_protection.c                0x00000000   Number         0  bsp_register_protection.o ABSOLUTE
    bsp_rom_registers.c                      0x00000000   Number         0  bsp_rom_registers.o ABSOLUTE
    bsp_sbrk.c                               0x00000000   Number         0  bsp_sbrk.o ABSOLUTE
    bsp_security.c                           0x00000000   Number         0  bsp_security.o ABSOLUTE
    common_data.c                            0x00000000   Number         0  common_data.o ABSOLUTE
    dc.s                                     0x00000000   Number         0  dc.o ABSOLUTE
    hal_data.c                               0x00000000   Number         0  hal_data.o ABSOLUTE
    hal_dht11.c                              0x00000000   Number         0  hal_dht11.o ABSOLUTE
    hal_entry.c                              0x00000000   Number         0  hal_entry.o ABSOLUTE
    hal_flash.c                              0x00000000   Number         0  hal_flash.o ABSOLUTE
    hal_tube.c                               0x00000000   Number         0  hal_tube.o ABSOLUTE
    main.c                                   0x00000000   Number         0  main.o ABSOLUTE
    multi_button.c                           0x00000000   Number         0  multi_button.o ABSOLUTE
    pin_data.c                               0x00000000   Number         0  pin_data.o ABSOLUTE
    r_flash_lp.c                             0x00000000   Number         0  r_flash_lp.o ABSOLUTE
    r_gpt.c                                  0x00000000   Number         0  r_gpt.o ABSOLUTE
    r_ioport.c                               0x00000000   Number         0  r_ioport.o ABSOLUTE
    r_rtc.c                                  0x00000000   Number         0  r_rtc.o ABSOLUTE
    r_sci_uart.c                             0x00000000   Number         0  r_sci_uart.o ABSOLUTE
    startup.c                                0x00000000   Number         0  startup.o ABSOLUTE
    system.c                                 0x00000000   Number         0  system.o ABSOLUTE
    vector_data.c                            0x00000000   Number         0  vector_data.o ABSOLUTE
    __tagsym$$used.0                         0x00000040   Number         0  vector_data.o(.application_vectors)
    __tagsym$$used.1                         0x00000400   Number         0  bsp_rom_registers.o(.rom_registers)
    g_bsp_rom_registers                      0x00000400   Data          60  bsp_rom_registers.o(.rom_registers)
    [Anonymous Symbol]                       0x00000400   Section        0  bsp_rom_registers.o(.rom_registers)
    .text                                    0x00000500   Section        0  llmul.o(.text)
    .text                                    0x00000530   Section        0  memcpya.o(.text)
    .text                                    0x00000554   Section        0  memseta.o(.text)
    [Anonymous Symbol]                       0x00000578   Section        0  hal_entry.o(.text.BTN1_SINGLE_Click_Handler)
    __arm_cp.5_2                             0x000005a8   Number         4  hal_entry.o(.text.BTN1_SINGLE_Click_Handler)
    [Anonymous Symbol]                       0x000005ac   Section        0  hal_entry.o(.text.BTN2_SINGLE_Click_Handler)
    [Anonymous Symbol]                       0x000005dc   Section        0  hal_entry.o(.text.BTN3_SINGLE_Click_Handler)
    [Anonymous Symbol]                       0x00000610   Section        0  hal_entry.o(.text.BTN4_SINGLE_Click_Handler)
    __arm_cp.8_0                             0x00000638   Number         4  hal_entry.o(.text.BTN4_SINGLE_Click_Handler)
    __arm_cp.8_1                             0x0000063c   Number         4  hal_entry.o(.text.BTN4_SINGLE_Click_Handler)
    __arm_cp.8_2                             0x00000640   Number         4  hal_entry.o(.text.BTN4_SINGLE_Click_Handler)
    __arm_cp.8_3                             0x00000644   Number         4  hal_entry.o(.text.BTN4_SINGLE_Click_Handler)
    __arm_cp.8_4                             0x00000648   Number         4  hal_entry.o(.text.BTN4_SINGLE_Click_Handler)
    [Anonymous Symbol]                       0x0000064c   Section        0  hal_dht11.o(.text.DHT11_Read)
    __arm_cp.1_2                             0x00000710   Number         4  hal_dht11.o(.text.DHT11_Read)
    __arm_cp.1_3                             0x00000714   Number         4  hal_dht11.o(.text.DHT11_Read)
    __arm_cp.1_4                             0x00000718   Number         4  hal_dht11.o(.text.DHT11_Read)
    __arm_cp.1_5                             0x0000071c   Number         4  hal_dht11.o(.text.DHT11_Read)
    __arm_cp.1_6                             0x00000720   Number         4  hal_dht11.o(.text.DHT11_Read)
    [Anonymous Symbol]                       0x00000724   Section        0  hal_dht11.o(.text.DHT11_ReadByte)
    __arm_cp.0_0                             0x00000788   Number         4  hal_dht11.o(.text.DHT11_ReadByte)
    [Anonymous Symbol]                       0x0000078c   Section        0  startup.o(.text.Default_Handler)
    [Anonymous Symbol]                       0x00000790   Section        0  bsp_group_irq.o(.text.NMI_Handler)
    __arm_cp.1_0                             0x000007bc   Number         4  bsp_group_irq.o(.text.NMI_Handler)
    __arm_cp.1_1                             0x000007c0   Number         4  bsp_group_irq.o(.text.NMI_Handler)
    [Anonymous Symbol]                       0x000007c4   Section        0  bsp_clocks.o(.text.R_BSP_Init_RTC)
    __arm_cp.9_0                             0x000007cc   Number         4  bsp_clocks.o(.text.R_BSP_Init_RTC)
    [Anonymous Symbol]                       0x000007d0   Section        0  bsp_register_protection.o(.text.R_BSP_RegisterProtectDisable)
    [Anonymous Symbol]                       0x00000804   Section        0  bsp_register_protection.o(.text.R_BSP_RegisterProtectEnable)
    __arm_cp.0_0                             0x0000083c   Number         4  bsp_register_protection.o(.text.R_BSP_RegisterProtectEnable)
    __arm_cp.0_1                             0x00000840   Number         4  bsp_register_protection.o(.text.R_BSP_RegisterProtectEnable)
    __arm_cp.0_2                             0x00000844   Number         4  bsp_register_protection.o(.text.R_BSP_RegisterProtectEnable)
    [Anonymous Symbol]                       0x00000848   Section        0  bsp_delay.o(.text.R_BSP_SoftwareDelay)
    __arm_cp.0_0                             0x000008a0   Number         4  bsp_delay.o(.text.R_BSP_SoftwareDelay)
    __arm_cp.0_1                             0x000008a4   Number         4  bsp_delay.o(.text.R_BSP_SoftwareDelay)
    [Anonymous Symbol]                       0x000008a8   Section        0  hal_entry.o(.text.R_BSP_WarmStart)
    __arm_cp.12_0                            0x000008c0   Number         4  hal_entry.o(.text.R_BSP_WarmStart)
    __arm_cp.12_1                            0x000008c4   Number         4  hal_entry.o(.text.R_BSP_WarmStart)
    __arm_cp.12_2                            0x000008c8   Number         4  hal_entry.o(.text.R_BSP_WarmStart)
    [Anonymous Symbol]                       0x000008cc   Section        0  r_gpt.o(.text.R_GPT_Open)
    __arm_cp.0_0                             0x000009e0   Number         4  r_gpt.o(.text.R_GPT_Open)
    __arm_cp.0_1                             0x000009e4   Number         4  r_gpt.o(.text.R_GPT_Open)
    __arm_cp.0_2                             0x000009e8   Number         4  r_gpt.o(.text.R_GPT_Open)
    [Anonymous Symbol]                       0x000009ec   Section        0  r_gpt.o(.text.R_GPT_Start)
    [Anonymous Symbol]                       0x000009f8   Section        0  r_ioport.o(.text.R_IOPORT_Open)
    __arm_cp.0_0                             0x00000a08   Number         4  r_ioport.o(.text.R_IOPORT_Open)
    [Anonymous Symbol]                       0x00000a0c   Section        0  r_ioport.o(.text.R_IOPORT_PinCfg)
    __arm_cp.3_0                             0x00000a88   Number         4  r_ioport.o(.text.R_IOPORT_PinCfg)
    __arm_cp.3_1                             0x00000a8c   Number         4  r_ioport.o(.text.R_IOPORT_PinCfg)
    __arm_cp.3_3                             0x00000a90   Number         4  r_ioport.o(.text.R_IOPORT_PinCfg)
    [Anonymous Symbol]                       0x00000a94   Section        0  r_ioport.o(.text.R_IOPORT_PinRead)
    __arm_cp.6_0                             0x00000aac   Number         4  r_ioport.o(.text.R_IOPORT_PinRead)
    [Anonymous Symbol]                       0x00000ab0   Section        0  r_ioport.o(.text.R_IOPORT_PinWrite)
    __arm_cp.7_0                             0x00000ad0   Number         4  r_ioport.o(.text.R_IOPORT_PinWrite)
    [Anonymous Symbol]                       0x00000ad4   Section        0  r_rtc.o(.text.R_RTC_CalendarAlarmSet)
    __arm_cp.5_1                             0x00000c50   Number         4  r_rtc.o(.text.R_RTC_CalendarAlarmSet)
    [Anonymous Symbol]                       0x00000c54   Section        0  r_rtc.o(.text.R_RTC_CalendarTimeGet)
    __arm_cp.4_1                             0x00000d68   Number         4  r_rtc.o(.text.R_RTC_CalendarTimeGet)
    [Anonymous Symbol]                       0x00000d6c   Section        0  r_rtc.o(.text.R_RTC_CalendarTimeSet)
    __arm_cp.3_0                             0x00000e38   Number         4  r_rtc.o(.text.R_RTC_CalendarTimeSet)
    __arm_cp.3_1                             0x00000e3c   Number         4  r_rtc.o(.text.R_RTC_CalendarTimeSet)
    [Anonymous Symbol]                       0x00000e40   Section        0  r_rtc.o(.text.R_RTC_ClockSourceSet)
    [Anonymous Symbol]                       0x00000e4c   Section        0  r_rtc.o(.text.R_RTC_Open)
    __arm_cp.0_0                             0x00000eec   Number         4  r_rtc.o(.text.R_RTC_Open)
    __arm_cp.0_1                             0x00000ef0   Number         4  r_rtc.o(.text.R_RTC_Open)
    __arm_cp.0_2                             0x00000ef4   Number         4  r_rtc.o(.text.R_RTC_Open)
    [Anonymous Symbol]                       0x00000ef8   Section        0  r_rtc.o(.text.R_RTC_PeriodicIrqRateSet)
    __arm_cp.7_0                             0x00000f4c   Number         4  r_rtc.o(.text.R_RTC_PeriodicIrqRateSet)
    __arm_cp.7_1                             0x00000f50   Number         4  r_rtc.o(.text.R_RTC_PeriodicIrqRateSet)
    __arm_cp.7_2                             0x00000f54   Number         4  r_rtc.o(.text.R_RTC_PeriodicIrqRateSet)
    __arm_cp.7_3                             0x00000f58   Number         4  r_rtc.o(.text.R_RTC_PeriodicIrqRateSet)
    [Anonymous Symbol]                       0x00000f5c   Section        0  r_sci_uart.o(.text.R_SCI_UART_Open)
    __arm_cp.0_0                             0x00001180   Number         4  r_sci_uart.o(.text.R_SCI_UART_Open)
    __arm_cp.0_1                             0x00001184   Number         4  r_sci_uart.o(.text.R_SCI_UART_Open)
    __arm_cp.0_2                             0x00001188   Number         4  r_sci_uart.o(.text.R_SCI_UART_Open)
    __arm_cp.0_3                             0x0000118c   Number         4  r_sci_uart.o(.text.R_SCI_UART_Open)
    __arm_cp.0_4                             0x00001190   Number         4  r_sci_uart.o(.text.R_SCI_UART_Open)
    __arm_cp.0_5                             0x00001194   Number         4  r_sci_uart.o(.text.R_SCI_UART_Open)
    __arm_cp.0_6                             0x00001198   Number         4  r_sci_uart.o(.text.R_SCI_UART_Open)
    __arm_cp.0_7                             0x0000119c   Number         4  r_sci_uart.o(.text.R_SCI_UART_Open)
    [Anonymous Symbol]                       0x000011a0   Section        0  startup.o(.text.Reset_Handler)
    [Anonymous Symbol]                       0x000011ac   Section        0  bsp_clocks.o(.text.SystemCoreClockUpdate)
    [Anonymous Symbol]                       0x000011c4   Section        0  system.o(.text.SystemInit)
    __arm_cp.0_0                             0x000012ac   Number         4  system.o(.text.SystemInit)
    __arm_cp.0_1                             0x000012b0   Number         4  system.o(.text.SystemInit)
    __arm_cp.0_2                             0x000012b4   Number         4  system.o(.text.SystemInit)
    __arm_cp.0_3                             0x000012b8   Number         4  system.o(.text.SystemInit)
    __arm_cp.0_4                             0x000012bc   Number         4  system.o(.text.SystemInit)
    __arm_cp.0_5                             0x000012c0   Number         4  system.o(.text.SystemInit)
    __arm_cp.0_6                             0x000012c4   Number         4  system.o(.text.SystemInit)
    __arm_cp.0_7                             0x000012c8   Number         4  system.o(.text.SystemInit)
    __arm_cp.0_8                             0x000012cc   Number         4  system.o(.text.SystemInit)
    __arm_cp.0_9                             0x000012d0   Number         4  system.o(.text.SystemInit)
    __arm_cp.0_10                            0x000012d4   Number         4  system.o(.text.SystemInit)
    __arm_cp.0_11                            0x000012d8   Number         4  system.o(.text.SystemInit)
    __arm_cp.0_12                            0x000012dc   Number         4  system.o(.text.SystemInit)
    [Anonymous Symbol]                       0x000012e0   Section        0  bsp_common.o(.text.__aeabi_assert)
    [Anonymous Symbol]                       0x000012e4   Section        0  bsp_clocks.o(.text.bsp_clock_init)
    __arm_cp.5_0                             0x00001384   Number         4  bsp_clocks.o(.text.bsp_clock_init)
    __arm_cp.5_1                             0x00001388   Number         4  bsp_clocks.o(.text.bsp_clock_init)
    __arm_cp.5_2                             0x0000138c   Number         4  bsp_clocks.o(.text.bsp_clock_init)
    __arm_cp.5_3                             0x00001390   Number         4  bsp_clocks.o(.text.bsp_clock_init)
    __arm_cp.5_4                             0x00001394   Number         4  bsp_clocks.o(.text.bsp_clock_init)
    __arm_cp.5_5                             0x00001398   Number         4  bsp_clocks.o(.text.bsp_clock_init)
    __arm_cp.5_6                             0x0000139c   Number         4  bsp_clocks.o(.text.bsp_clock_init)
    __arm_cp.5_7                             0x000013a0   Number         4  bsp_clocks.o(.text.bsp_clock_init)
    __arm_cp.5_8                             0x000013a4   Number         4  bsp_clocks.o(.text.bsp_clock_init)
    __arm_cp.5_9                             0x000013a8   Number         4  bsp_clocks.o(.text.bsp_clock_init)
    __arm_cp.5_10                            0x000013ac   Number         4  bsp_clocks.o(.text.bsp_clock_init)
    __arm_cp.5_11                            0x000013b0   Number         4  bsp_clocks.o(.text.bsp_clock_init)
    [Anonymous Symbol]                       0x000013b4   Section        0  bsp_common.o(.text.bsp_init_internal)
    [Anonymous Symbol]                       0x000013b8   Section        0  bsp_irq.o(.text.bsp_irq_cfg)
    __arm_cp.0_0                             0x000013cc   Number         4  bsp_irq.o(.text.bsp_irq_cfg)
    __arm_cp.0_1                             0x000013d0   Number         4  bsp_irq.o(.text.bsp_irq_cfg)
    bsp_prv_operating_mode_opccr_set         0x000013d5   Thumb Code    36  bsp_clocks.o(.text.bsp_prv_operating_mode_opccr_set)
    [Anonymous Symbol]                       0x000013d4   Section        0  bsp_clocks.o(.text.bsp_prv_operating_mode_opccr_set)
    __arm_cp.1_0                             0x000013f8   Number         4  bsp_clocks.o(.text.bsp_prv_operating_mode_opccr_set)
    __arm_cp.1_1                             0x000013fc   Number         4  bsp_clocks.o(.text.bsp_prv_operating_mode_opccr_set)
    sw_delay_loop                            0x00001400   Number         0  bsp_delay.o(.text.bsp_prv_software_delay_loop)
    [Anonymous Symbol]                       0x00001400   Section        0  bsp_delay.o(.text.bsp_prv_software_delay_loop)
    [Anonymous Symbol]                       0x00001408   Section        0  multi_button.o(.text.button_attach)
    [Anonymous Symbol]                       0x00001410   Section        0  multi_button.o(.text.button_handler)
    [Anonymous Symbol]                       0x000015f0   Section        0  multi_button.o(.text.button_init)
    [Anonymous Symbol]                       0x00001624   Section        0  multi_button.o(.text.button_start)
    [Anonymous Symbol]                       0x00001648   Section        0  multi_button.o(.text.button_ticks)
    __arm_cp.6_0                             0x0000165c   Number         4  multi_button.o(.text.button_ticks)
    [Anonymous Symbol]                       0x00001660   Section        0  r_flash_lp.o(.text.fcu_frdyi_isr)
    __arm_cp.33_2                            0x000016fc   Number         4  r_flash_lp.o(.text.fcu_frdyi_isr)
    [Anonymous Symbol]                       0x00001700   Section        0  r_gpt.o(.text.gpt_counter_overflow_isr)
    __arm_cp.18_0                            0x00001788   Number         4  r_gpt.o(.text.gpt_counter_overflow_isr)
    __arm_cp.18_1                            0x0000178c   Number         4  r_gpt.o(.text.gpt_counter_overflow_isr)
    __arm_cp.18_2                            0x00001790   Number         4  r_gpt.o(.text.gpt_counter_overflow_isr)
    __arm_cp.18_3                            0x00001794   Number         4  r_gpt.o(.text.gpt_counter_overflow_isr)
    [Anonymous Symbol]                       0x00001798   Section        0  hal_entry.o(.text.hal_entry)
    __arm_cp.11_0                            0x00001904   Number         4  hal_entry.o(.text.hal_entry)
    __arm_cp.11_1                            0x00001908   Number         4  hal_entry.o(.text.hal_entry)
    __arm_cp.11_2                            0x0000190c   Number         4  hal_entry.o(.text.hal_entry)
    __arm_cp.11_3                            0x00001910   Number         4  hal_entry.o(.text.hal_entry)
    __arm_cp.11_4                            0x00001914   Number         4  hal_entry.o(.text.hal_entry)
    __arm_cp.11_5                            0x00001918   Number         4  hal_entry.o(.text.hal_entry)
    __arm_cp.11_6                            0x0000191c   Number         4  hal_entry.o(.text.hal_entry)
    __arm_cp.11_7                            0x00001920   Number         4  hal_entry.o(.text.hal_entry)
    __arm_cp.11_8                            0x00001924   Number         4  hal_entry.o(.text.hal_entry)
    __arm_cp.11_9                            0x00001928   Number         4  hal_entry.o(.text.hal_entry)
    __arm_cp.11_10                           0x0000192c   Number         4  hal_entry.o(.text.hal_entry)
    __arm_cp.11_11                           0x00001930   Number         4  hal_entry.o(.text.hal_entry)
    __arm_cp.11_12                           0x00001934   Number         4  hal_entry.o(.text.hal_entry)
    __arm_cp.11_13                           0x00001938   Number         4  hal_entry.o(.text.hal_entry)
    __arm_cp.11_14                           0x0000193c   Number         4  hal_entry.o(.text.hal_entry)
    __arm_cp.11_15                           0x00001940   Number         4  hal_entry.o(.text.hal_entry)
    __arm_cp.11_16                           0x00001944   Number         4  hal_entry.o(.text.hal_entry)
    __arm_cp.11_17                           0x00001948   Number         4  hal_entry.o(.text.hal_entry)
    __arm_cp.11_18                           0x0000194c   Number         4  hal_entry.o(.text.hal_entry)
    __arm_cp.11_19                           0x00001950   Number         4  hal_entry.o(.text.hal_entry)
    __arm_cp.11_20                           0x00001954   Number         4  hal_entry.o(.text.hal_entry)
    __arm_cp.11_21                           0x00001958   Number         4  hal_entry.o(.text.hal_entry)
    __arm_cp.11_22                           0x0000195c   Number         4  hal_entry.o(.text.hal_entry)
    __arm_cp.11_23                           0x00001960   Number         4  hal_entry.o(.text.hal_entry)
    __arm_cp.11_24                           0x00001964   Number         4  hal_entry.o(.text.hal_entry)
    __arm_cp.11_25                           0x00001968   Number         4  hal_entry.o(.text.hal_entry)
    __arm_cp.11_26                           0x0000196c   Number         4  hal_entry.o(.text.hal_entry)
    __arm_cp.11_27                           0x00001970   Number         4  hal_entry.o(.text.hal_entry)
    __arm_cp.11_28                           0x00001974   Number         4  hal_entry.o(.text.hal_entry)
    __arm_cp.11_29                           0x00001978   Number         4  hal_entry.o(.text.hal_entry)
    __arm_cp.11_30                           0x0000197c   Number         4  hal_entry.o(.text.hal_entry)
    __arm_cp.11_31                           0x00001980   Number         4  hal_entry.o(.text.hal_entry)
    __arm_cp.11_32                           0x00001984   Number         4  hal_entry.o(.text.hal_entry)
    __arm_cp.11_33                           0x00001988   Number         4  hal_entry.o(.text.hal_entry)
    [Anonymous Symbol]                       0x0000198c   Section        0  main.o(.text.main)
    r_flash_lp_df_enter_pe_mode              0x00001999   Thumb Code    80  r_flash_lp.o(.text.r_flash_lp_df_enter_pe_mode)
    [Anonymous Symbol]                       0x00001998   Section        0  r_flash_lp.o(.text.r_flash_lp_df_enter_pe_mode)
    __arm_cp.32_0                            0x000019e8   Number         4  r_flash_lp.o(.text.r_flash_lp_df_enter_pe_mode)
    __arm_cp.32_1                            0x000019ec   Number         4  r_flash_lp.o(.text.r_flash_lp_df_enter_pe_mode)
    __arm_cp.32_2                            0x000019f0   Number         4  r_flash_lp.o(.text.r_flash_lp_df_enter_pe_mode)
    r_flash_lp_df_write_monitor              0x000019f5   Thumb Code    68  r_flash_lp.o(.text.r_flash_lp_df_write_monitor)
    [Anonymous Symbol]                       0x000019f4   Section        0  r_flash_lp.o(.text.r_flash_lp_df_write_monitor)
    __arm_cp.38_0                            0x00001a38   Number         4  r_flash_lp.o(.text.r_flash_lp_df_write_monitor)
    __arm_cp.38_1                            0x00001a3c   Number         4  r_flash_lp.o(.text.r_flash_lp_df_write_monitor)
    r_gpt_enable_irq                         0x00001a41   Thumb Code    80  r_gpt.o(.text.r_gpt_enable_irq)
    [Anonymous Symbol]                       0x00001a40   Section        0  r_gpt.o(.text.r_gpt_enable_irq)
    __arm_cp.22_0                            0x00001a90   Number         4  r_gpt.o(.text.r_gpt_enable_irq)
    __arm_cp.22_2                            0x00001a94   Number         4  r_gpt.o(.text.r_gpt_enable_irq)
    __arm_cp.22_3                            0x00001a98   Number         4  r_gpt.o(.text.r_gpt_enable_irq)
    __arm_cp.22_4                            0x00001a9c   Number         4  r_gpt.o(.text.r_gpt_enable_irq)
    r_ioport_pins_config                     0x00001aa1   Thumb Code   164  r_ioport.o(.text.r_ioport_pins_config)
    [Anonymous Symbol]                       0x00001aa0   Section        0  r_ioport.o(.text.r_ioport_pins_config)
    __arm_cp.13_0                            0x00001b44   Number         4  r_ioport.o(.text.r_ioport_pins_config)
    __arm_cp.13_1                            0x00001b48   Number         4  r_ioport.o(.text.r_ioport_pins_config)
    __arm_cp.13_2                            0x00001b4c   Number         4  r_ioport.o(.text.r_ioport_pins_config)
    __arm_cp.13_3                            0x00001b50   Number         4  r_ioport.o(.text.r_ioport_pins_config)
    r_rtc_error_adjustment_set               0x00001b55   Thumb Code   116  r_rtc.o(.text.r_rtc_error_adjustment_set)
    [Anonymous Symbol]                       0x00001b54   Section        0  r_rtc.o(.text.r_rtc_error_adjustment_set)
    r_rtc_set_clock_source                   0x00001bc9   Thumb Code   100  r_rtc.o(.text.r_rtc_set_clock_source)
    [Anonymous Symbol]                       0x00001bc8   Section        0  r_rtc.o(.text.r_rtc_set_clock_source)
    __arm_cp.11_0                            0x00001c2c   Number         4  r_rtc.o(.text.r_rtc_set_clock_source)
    r_sci_irq_cfg                            0x00001c31   Thumb Code    76  r_sci_uart.o(.text.r_sci_irq_cfg)
    [Anonymous Symbol]                       0x00001c30   Section        0  r_sci_uart.o(.text.r_sci_irq_cfg)
    __arm_cp.15_0                            0x00001c7c   Number         4  r_sci_uart.o(.text.r_sci_irq_cfg)
    __arm_cp.15_3                            0x00001c80   Number         4  r_sci_uart.o(.text.r_sci_irq_cfg)
    r_sci_uart_call_callback                 0x00001c85   Thumb Code    62  r_sci_uart.o(.text.r_sci_uart_call_callback)
    [Anonymous Symbol]                       0x00001c84   Section        0  r_sci_uart.o(.text.r_sci_uart_call_callback)
    [Anonymous Symbol]                       0x00001cc4   Section        0  hal_entry.o(.text.read_button_GPIO)
    __arm_cp.4_0                             0x00001cfc   Number         4  hal_entry.o(.text.read_button_GPIO)
    __arm_cp.4_1                             0x00001d00   Number         4  hal_entry.o(.text.read_button_GPIO)
    [Anonymous Symbol]                       0x00001d04   Section        0  r_rtc.o(.text.rtc_alarm_periodic_isr)
    [Anonymous Symbol]                       0x00001d5c   Section        0  hal_entry.o(.text.rtc_callback)
    __arm_cp.0_0                             0x00001d70   Number         4  hal_entry.o(.text.rtc_callback)
    __arm_cp.0_1                             0x00001d74   Number         4  hal_entry.o(.text.rtc_callback)
    [Anonymous Symbol]                       0x00001d78   Section        0  r_rtc.o(.text.rtc_carry_isr)
    __arm_cp.14_1                            0x00001d98   Number         4  r_rtc.o(.text.rtc_carry_isr)
    [Anonymous Symbol]                       0x00001d9c   Section        0  r_sci_uart.o(.text.sci_uart_eri_isr)
    __arm_cp.14_1                            0x00001df4   Number         4  r_sci_uart.o(.text.sci_uart_eri_isr)
    __arm_cp.14_2                            0x00001df8   Number         4  r_sci_uart.o(.text.sci_uart_eri_isr)
    [Anonymous Symbol]                       0x00001dfc   Section        0  r_sci_uart.o(.text.sci_uart_rxi_isr)
    [Anonymous Symbol]                       0x00001e6c   Section        0  r_sci_uart.o(.text.sci_uart_tei_isr)
    __arm_cp.13_0                            0x00001ea4   Number         4  r_sci_uart.o(.text.sci_uart_tei_isr)
    [Anonymous Symbol]                       0x00001ea8   Section        0  r_sci_uart.o(.text.sci_uart_txi_isr)
    __arm_cp.10_0                            0x00001f20   Number         4  r_sci_uart.o(.text.sci_uart_txi_isr)
    __arm_cp.10_1                            0x00001f24   Number         4  r_sci_uart.o(.text.sci_uart_txi_isr)
    [Anonymous Symbol]                       0x00001f28   Section        0  hal_tube.o(.text.smg_1)
    [Anonymous Symbol]                       0x00001f6c   Section        0  hal_tube.o(.text.smg_2)
    [Anonymous Symbol]                       0x00001fb4   Section        0  hal_tube.o(.text.smg_3)
    [Anonymous Symbol]                       0x00001ffc   Section        0  hal_tube.o(.text.smg_4)
    [Anonymous Symbol]                       0x00002044   Section        0  hal_tube.o(.text.smg_maohao_open)
    [Anonymous Symbol]                       0x000020f4   Section        0  hal_tube.o(.text.smg_num)
    __arm_cp.0_0                             0x00002178   Number         4  hal_tube.o(.text.smg_num)
    __arm_cp.0_1                             0x0000217c   Number         4  hal_tube.o(.text.smg_num)
    __arm_cp.0_2                             0x00002180   Number         4  hal_tube.o(.text.smg_num)
    __arm_cp.0_3                             0x00002184   Number         4  hal_tube.o(.text.smg_num)
    __arm_cp.0_4                             0x00002188   Number         4  hal_tube.o(.text.smg_num)
    __arm_cp.0_5                             0x0000218c   Number         4  hal_tube.o(.text.smg_num)
    [Anonymous Symbol]                       0x00002208   Section        0  hal_entry.o(.text.timer0_callback)
    __arm_cp.3_0                             0x00002248   Number         4  hal_entry.o(.text.timer0_callback)
    __arm_cp.3_1                             0x0000224c   Number         4  hal_entry.o(.text.timer0_callback)
    [Anonymous Symbol]                       0x00002250   Section        0  hal_tube.o(.text.tube_show)
    __arm_cp.12_0                            0x000023dc   Number         4  hal_tube.o(.text.tube_show)
    __arm_cp.12_1                            0x000023e0   Number         4  hal_tube.o(.text.tube_show)
    __arm_cp.12_2                            0x000023e4   Number         4  hal_tube.o(.text.tube_show)
    __arm_cp.12_3                            0x000023e8   Number         4  hal_tube.o(.text.tube_show)
    __arm_cp.12_4                            0x000023ec   Number         4  hal_tube.o(.text.tube_show)
    __arm_cp.12_5                            0x000023f0   Number         4  hal_tube.o(.text.tube_show)
    __arm_cp.12_6                            0x000023f4   Number         4  hal_tube.o(.text.tube_show)
    __arm_cp.12_7                            0x000023f8   Number         4  hal_tube.o(.text.tube_show)
    [Anonymous Symbol]                       0x000023fc   Section        0  hal_entry.o(.text.user_uart_callback)
    __arm_cp.1_0                             0x0000240c   Number         4  hal_entry.o(.text.user_uart_callback)
    Long Thumb to Thumb Veneer to r_flash_lp_wait_for_ready 0x00002411   Thumb Code    12  anon$$obj.o(Veneer$$Code)
    Long Thumb to Thumb Veneer to r_flash_lp_reset 0x0000241d   Thumb Code    12  anon$$obj.o(Veneer$$Code)
    Long Thumb to Thumb Veneer to r_flash_lp_pe_mode_exit 0x00002429   Thumb Code    12  anon$$obj.o(Veneer$$Code)
    Long Thumb to Thumb Veneer to r_flash_lp_delay_us 0x00002435   Thumb Code    12  anon$$obj.o(Veneer$$Code)
    Long Thumb to Thumb Veneer to r_flash_lp_write_fpmcr 0x00002441   Thumb Code    12  anon$$obj.o(Veneer$$Code)
    [Anonymous Symbol]                       0x0000244c   Section        0  hal_tube.o(.rodata..Lswitch.table.smg_num)
    [Anonymous Symbol]                       0x00002474   Section        0  hal_tube.o(.rodata..Lswitch.table.smg_num.1)
    [Anonymous Symbol]                       0x0000249c   Section        0  hal_tube.o(.rodata..Lswitch.table.smg_num.2)
    [Anonymous Symbol]                       0x000024c4   Section        0  hal_tube.o(.rodata..Lswitch.table.smg_num.3)
    g_prcr_masks                             0x000024ec   Data           8  bsp_register_protection.o(.rodata.cst8)
    [Anonymous Symbol]                       0x000024ec   Section        0  bsp_register_protection.o(.rodata.cst8)
    [Anonymous Symbol]                       0x00002744   Section        0  hal_entry.o(.rodata.str1.1)
    __tagsym$$used.0                         0x00002768   Number         0  bsp_common.o(.version)
    g_fsp_version                            0x00002768   Data           4  bsp_common.o(.version)
    [Anonymous Symbol]                       0x00002768   Section        0  bsp_common.o(.version)
    __tagsym$$used.1                         0x0000276c   Number         0  bsp_common.o(.version)
    g_fsp_version_string                     0x0000276c   Data           6  bsp_common.o(.version)
    __tagsym$$used.2                         0x00002772   Number         0  bsp_common.o(.version)
    g_fsp_version_build_string               0x00002772   Data          68  bsp_common.o(.version)
    __tagsym$$used.0                         0x01010018   Number         0  bsp_rom_registers.o(.id_code)
    g_bsp_id_codes                           0x01010018   Data          28  bsp_rom_registers.o(.id_code)
    [Anonymous Symbol]                       0x01010018   Section        0  bsp_rom_registers.o(.id_code)
    __tagsym$$used.0                         0x20004000   Number         0  r_flash_lp.o(.code_in_ram)
    r_flash_lp_cf_write                      0x20004001   Thumb Code   108  r_flash_lp.o(.code_in_ram)
    [Anonymous Symbol]                       0x20004000   Section        0  r_flash_lp.o(.code_in_ram)
    __arm_cp.17_0                            0x2000406c   Number         4  r_flash_lp.o(.code_in_ram)
    __tagsym$$used.1                         0x20004070   Number         0  r_flash_lp.o(.code_in_ram)
    r_flash_lp_cf_erase                      0x20004071   Thumb Code    72  r_flash_lp.o(.code_in_ram)
    __arm_cp.18_0                            0x200040b8   Number         4  r_flash_lp.o(.code_in_ram)
    __tagsym$$used.2                         0x200040bc   Number         0  r_flash_lp.o(.code_in_ram)
    r_flash_lp_cf_blankcheck                 0x200040bd   Thumb Code    76  r_flash_lp.o(.code_in_ram)
    __arm_cp.19_0                            0x20004108   Number         4  r_flash_lp.o(.code_in_ram)
    __tagsym$$used.3                         0x2000410c   Number         0  r_flash_lp.o(.code_in_ram)
    r_flash_lp_reset                         0x2000410d   Thumb Code    48  r_flash_lp.o(.code_in_ram)
    __arm_cp.20_0                            0x2000413c   Number         4  r_flash_lp.o(.code_in_ram)
    __arm_cp.20_1                            0x20004140   Number         4  r_flash_lp.o(.code_in_ram)
    __tagsym$$used.4                         0x20004144   Number         0  r_flash_lp.o(.code_in_ram)
    r_flash_lp_access_window_set             0x20004145   Thumb Code    64  r_flash_lp.o(.code_in_ram)
    __arm_cp.21_0                            0x20004184   Number         4  r_flash_lp.o(.code_in_ram)
    __tagsym$$used.5                         0x20004188   Number         0  r_flash_lp.o(.code_in_ram)
    r_flash_lp_set_id_code                   0x20004189   Thumb Code   144  r_flash_lp.o(.code_in_ram)
    __arm_cp.22_0                            0x20004218   Number         4  r_flash_lp.o(.code_in_ram)
    __arm_cp.22_1                            0x2000421c   Number         4  r_flash_lp.o(.code_in_ram)
    __arm_cp.22_2                            0x20004220   Number         4  r_flash_lp.o(.code_in_ram)
    __tagsym$$used.6                         0x20004224   Number         0  r_flash_lp.o(.code_in_ram)
    r_flash_lp_set_startup_area_boot         0x20004225   Thumb Code    92  r_flash_lp.o(.code_in_ram)
    __arm_cp.23_0                            0x20004280   Number         4  r_flash_lp.o(.code_in_ram)
    __arm_cp.23_1                            0x20004284   Number         4  r_flash_lp.o(.code_in_ram)
    __tagsym$$used.7                         0x20004288   Number         0  r_flash_lp.o(.code_in_ram)
    r_flash_lp_cf_enter_pe_mode              0x20004289   Thumb Code    64  r_flash_lp.o(.code_in_ram)
    __arm_cp.24_0                            0x200042c8   Number         4  r_flash_lp.o(.code_in_ram)
    __arm_cp.24_1                            0x200042cc   Number         4  r_flash_lp.o(.code_in_ram)
    __arm_cp.24_2                            0x200042d0   Number         4  r_flash_lp.o(.code_in_ram)
    __tagsym$$used.8                         0x200042d4   Number         0  r_flash_lp.o(.code_in_ram)
    r_flash_lp_process_command               0x200042d5   Thumb Code    32  r_flash_lp.o(.code_in_ram)
    __arm_cp.25_0                            0x200042f4   Number         4  r_flash_lp.o(.code_in_ram)
    __tagsym$$used.9                         0x200042f8   Number         0  r_flash_lp.o(.code_in_ram)
    r_flash_lp_wait_for_ready                0x200042f9   Thumb Code    44  r_flash_lp.o(.code_in_ram)
    __arm_cp.26_0                            0x20004324   Number         4  r_flash_lp.o(.code_in_ram)
    __tagsym$$used.10                        0x20004328   Number         0  r_flash_lp.o(.code_in_ram)
    r_flash_lp_pe_mode_exit                  0x20004329   Thumb Code    72  r_flash_lp.o(.code_in_ram)
    __arm_cp.27_0                            0x20004370   Number         4  r_flash_lp.o(.code_in_ram)
    __tagsym$$used.11                        0x20004374   Number         0  r_flash_lp.o(.code_in_ram)
    r_flash_lp_cf_write_operation            0x20004375   Thumb Code    44  r_flash_lp.o(.code_in_ram)
    __arm_cp.28_0                            0x200043a0   Number         4  r_flash_lp.o(.code_in_ram)
    __tagsym$$used.12                        0x200043a4   Number         0  r_flash_lp.o(.code_in_ram)
    r_flash_lp_memcpy                        0x200043a5   Thumb Code    16  r_flash_lp.o(.code_in_ram)
    __tagsym$$used.13                        0x200043b4   Number         0  r_flash_lp.o(.code_in_ram)
    r_flash_lp_write_fpmcr                   0x200043b5   Thumb Code    28  r_flash_lp.o(.code_in_ram)
    __arm_cp.30_0                            0x200043d0   Number         4  r_flash_lp.o(.code_in_ram)
    __arm_cp.30_1                            0x200043d4   Number         4  r_flash_lp.o(.code_in_ram)
    __tagsym$$used.14                        0x200043d8   Number         0  r_flash_lp.o(.code_in_ram)
    r_flash_lp_delay_us                      0x200043d9   Thumb Code    14  r_flash_lp.o(.code_in_ram)
    delay_loop                               0x200043de   Number         0  r_flash_lp.o(.code_in_ram)
    __tagsym$$used.15                        0x200043e8   Number         0  r_flash_lp.o(.code_in_ram)
    r_flash_lp_extra_operation               0x200043e9   Thumb Code    52  r_flash_lp.o(.code_in_ram)
    __arm_cp.34_0                            0x2000441c   Number         4  r_flash_lp.o(.code_in_ram)
    __arm_cp.34_1                            0x20004420   Number         4  r_flash_lp.o(.code_in_ram)
    __arm_cp.34_2                            0x20004424   Number         4  r_flash_lp.o(.code_in_ram)
    __tagsym$$used.16                        0x20004428   Number         0  r_flash_lp.o(.code_in_ram)
    r_flash_lp_extra_check                   0x20004429   Thumb Code    44  r_flash_lp.o(.code_in_ram)
    __arm_cp.35_0                            0x20004454   Number         4  r_flash_lp.o(.code_in_ram)
    __tagsym$$used.17                        0x20004458   Number         0  r_flash_lp.o(.code_in_ram)
    r_flash_lp_extra_command_finish          0x20004459   Thumb Code    84  r_flash_lp.o(.code_in_ram)
    __arm_cp.36_0                            0x200044ac   Number         4  r_flash_lp.o(.code_in_ram)
    __arm_cp.36_1                            0x200044b0   Number         4  r_flash_lp.o(.code_in_ram)
    __tagsym$$used.18                        0x200044b4   Number         0  r_flash_lp.o(.code_in_ram)
    r_flash_lp_command_finish                0x200044b5   Thumb Code    80  r_flash_lp.o(.code_in_ram)
    __arm_cp.37_0                            0x20004504   Number         4  r_flash_lp.o(.code_in_ram)
    Long Thumb to Thumb Veneer to r_flash_lp_df_enter_pe_mode 0x20004509   Thumb Code    12  anon$$obj.o(Veneer$$Code)
    head_handle                              0x200047ac   Data           4  multi_button.o(.bss.head_handle)
    [Anonymous Symbol]                       0x200047ac   Section        0  multi_button.o(.bss.head_handle)
    __tagsym$$used.0                         0x200047e8   Number         0  bsp_clocks.o(.bss.noinit)
    g_clock_freq                             0x200047e8   Data          20  bsp_clocks.o(.bss.noinit)
    [Anonymous Symbol]                       0x200047e8   Section        0  bsp_clocks.o(.bss.noinit)
    __tagsym$$used.2                         0x20004800   Number         0  startup.o(.bss.heap)
    g_heap                                   0x20004800   Data        8192  startup.o(.bss.heap)
    [Anonymous Symbol]                       0x20004800   Section        0  startup.o(.bss.heap)
    __tagsym$$used.0                         0x20006800   Number         0  startup.o(.bss.stack)
    g_main_stack                             0x20006800   Data        1024  startup.o(.bss.stack)
    [Anonymous Symbol]                       0x20006800   Section        0  startup.o(.bss.stack)

    Global Symbols

    Symbol Name                              Value     Ov Type        Size  Object(Section)

    BuildAttributes$$THM_ISAv3M$S$8M$PE$A:L22$X:L11$S22$IEEE1$IW$USESV6$~STKCKD$USESV7$WCHAR32$ENUMINT$~SHL$OSPACE$MICROLIB$REQ8$PRES8$EABIv2 0x00000000   Number         0  anon$$obj.o ABSOLUTE
    __Vectors                                0x00000000   Data          64  startup.o(.fixed_vectors)
    g_vector_table                           0x00000040   Data         128  vector_data.o(.application_vectors)
    Image$$BSS$$ZI$$Length                   0x00000268   Number         0  anon$$obj.o ABSOLUTE
    Image$$INIT_ARRAY$$Base                  0x00000500   Number         0  anon$$obj.o ABSOLUTE
    Image$$INIT_ARRAY$$Limit                 0x00000500   Number         0  anon$$obj.o ABSOLUTE
    __aeabi_lmul                             0x00000501   Thumb Code    48  llmul.o(.text)
    _ll_mul                                  0x00000501   Thumb Code     0  llmul.o(.text)
    __aeabi_memcpy                           0x00000531   Thumb Code    36  memcpya.o(.text)
    __aeabi_memcpy4                          0x00000531   Thumb Code     0  memcpya.o(.text)
    __aeabi_memcpy8                          0x00000531   Thumb Code     0  memcpya.o(.text)
    __aeabi_memset                           0x00000555   Thumb Code    14  memseta.o(.text)
    __aeabi_memset4                          0x00000555   Thumb Code     0  memseta.o(.text)
    __aeabi_memset8                          0x00000555   Thumb Code     0  memseta.o(.text)
    __aeabi_memclr                           0x00000563   Thumb Code     4  memseta.o(.text)
    __aeabi_memclr4                          0x00000563   Thumb Code     0  memseta.o(.text)
    __aeabi_memclr8                          0x00000563   Thumb Code     0  memseta.o(.text)
    _memset$wrapper                          0x00000567   Thumb Code    18  memseta.o(.text)
    BTN1_SINGLE_Click_Handler                0x00000579   Thumb Code    48  hal_entry.o(.text.BTN1_SINGLE_Click_Handler)
    Image$$DATA$$Length                      0x0000057c   Number         0  anon$$obj.o ABSOLUTE
    BTN2_SINGLE_Click_Handler                0x000005ad   Thumb Code    48  hal_entry.o(.text.BTN2_SINGLE_Click_Handler)
    BTN3_SINGLE_Click_Handler                0x000005dd   Thumb Code    52  hal_entry.o(.text.BTN3_SINGLE_Click_Handler)
    BTN4_SINGLE_Click_Handler                0x00000611   Thumb Code    40  hal_entry.o(.text.BTN4_SINGLE_Click_Handler)
    DHT11_Read                               0x0000064d   Thumb Code   196  hal_dht11.o(.text.DHT11_Read)
    DHT11_ReadByte                           0x00000725   Thumb Code   100  hal_dht11.o(.text.DHT11_ReadByte)
    BusFault_Handler                         0x0000078d   Thumb Code     4  startup.o(.text.Default_Handler)
    DebugMon_Handler                         0x0000078d   Thumb Code     4  startup.o(.text.Default_Handler)
    Default_Handler                          0x0000078d   Thumb Code     4  startup.o(.text.Default_Handler)
    HardFault_Handler                        0x0000078d   Thumb Code     4  startup.o(.text.Default_Handler)
    MemManage_Handler                        0x0000078d   Thumb Code     4  startup.o(.text.Default_Handler)
    PendSV_Handler                           0x0000078d   Thumb Code     4  startup.o(.text.Default_Handler)
    SVC_Handler                              0x0000078d   Thumb Code     4  startup.o(.text.Default_Handler)
    SecureFault_Handler                      0x0000078d   Thumb Code     4  startup.o(.text.Default_Handler)
    SysTick_Handler                          0x0000078d   Thumb Code     4  startup.o(.text.Default_Handler)
    UsageFault_Handler                       0x0000078d   Thumb Code     4  startup.o(.text.Default_Handler)
    NMI_Handler                              0x00000791   Thumb Code    44  bsp_group_irq.o(.text.NMI_Handler)
    R_BSP_Init_RTC                           0x000007c5   Thumb Code     8  bsp_clocks.o(.text.R_BSP_Init_RTC)
    R_BSP_RegisterProtectDisable             0x000007d1   Thumb Code    52  bsp_register_protection.o(.text.R_BSP_RegisterProtectDisable)
    R_BSP_RegisterProtectEnable              0x00000805   Thumb Code    56  bsp_register_protection.o(.text.R_BSP_RegisterProtectEnable)
    R_BSP_SoftwareDelay                      0x00000849   Thumb Code    88  bsp_delay.o(.text.R_BSP_SoftwareDelay)
    R_BSP_WarmStart                          0x000008a9   Thumb Code    24  hal_entry.o(.text.R_BSP_WarmStart)
    R_GPT_Open                               0x000008cd   Thumb Code   276  r_gpt.o(.text.R_GPT_Open)
    R_GPT_Start                              0x000009ed   Thumb Code    10  r_gpt.o(.text.R_GPT_Start)
    R_IOPORT_Open                            0x000009f9   Thumb Code    16  r_ioport.o(.text.R_IOPORT_Open)
    R_IOPORT_PinCfg                          0x00000a0d   Thumb Code   124  r_ioport.o(.text.R_IOPORT_PinCfg)
    R_IOPORT_PinRead                         0x00000a95   Thumb Code    24  r_ioport.o(.text.R_IOPORT_PinRead)
    R_IOPORT_PinWrite                        0x00000ab1   Thumb Code    32  r_ioport.o(.text.R_IOPORT_PinWrite)
    R_RTC_CalendarAlarmSet                   0x00000ad5   Thumb Code   380  r_rtc.o(.text.R_RTC_CalendarAlarmSet)
    R_RTC_CalendarTimeGet                    0x00000c55   Thumb Code   276  r_rtc.o(.text.R_RTC_CalendarTimeGet)
    R_RTC_CalendarTimeSet                    0x00000d6d   Thumb Code   204  r_rtc.o(.text.R_RTC_CalendarTimeSet)
    R_RTC_ClockSourceSet                     0x00000e41   Thumb Code    12  r_rtc.o(.text.R_RTC_ClockSourceSet)
    R_RTC_Open                               0x00000e4d   Thumb Code   160  r_rtc.o(.text.R_RTC_Open)
    R_RTC_PeriodicIrqRateSet                 0x00000ef9   Thumb Code    84  r_rtc.o(.text.R_RTC_PeriodicIrqRateSet)
    R_SCI_UART_Open                          0x00000f5d   Thumb Code   548  r_sci_uart.o(.text.R_SCI_UART_Open)
    Reset_Handler                            0x000011a1   Thumb Code    10  startup.o(.text.Reset_Handler)
    SystemCoreClockUpdate                    0x000011ad   Thumb Code    24  bsp_clocks.o(.text.SystemCoreClockUpdate)
    SystemInit                               0x000011c5   Thumb Code   232  system.o(.text.SystemInit)
    __aeabi_assert                           0x000012e1   Thumb Code     4  bsp_common.o(.text.__aeabi_assert)
    bsp_clock_init                           0x000012e5   Thumb Code   160  bsp_clocks.o(.text.bsp_clock_init)
    bsp_init                                 0x000013b5   Thumb Code     2  bsp_common.o(.text.bsp_init_internal)
    bsp_init_internal                        0x000013b5   Thumb Code     2  bsp_common.o(.text.bsp_init_internal)
    bsp_irq_cfg                              0x000013b9   Thumb Code    20  bsp_irq.o(.text.bsp_irq_cfg)
    bsp_prv_software_delay_loop              0x00001401   Thumb Code     8  bsp_delay.o(.text.bsp_prv_software_delay_loop)
    button_attach                            0x00001409   Thumb Code     8  multi_button.o(.text.button_attach)
    button_handler                           0x00001411   Thumb Code   480  multi_button.o(.text.button_handler)
    button_init                              0x000015f1   Thumb Code    52  multi_button.o(.text.button_init)
    button_start                             0x00001625   Thumb Code    36  multi_button.o(.text.button_start)
    button_ticks                             0x00001649   Thumb Code    20  multi_button.o(.text.button_ticks)
    fcu_frdyi_isr                            0x00001661   Thumb Code   156  r_flash_lp.o(.text.fcu_frdyi_isr)
    gpt_counter_overflow_isr                 0x00001701   Thumb Code   136  r_gpt.o(.text.gpt_counter_overflow_isr)
    hal_entry                                0x00001799   Thumb Code   364  hal_entry.o(.text.hal_entry)
    main                                     0x0000198d   Thumb Code    10  main.o(.text.main)
    read_button_GPIO                         0x00001cc5   Thumb Code    56  hal_entry.o(.text.read_button_GPIO)
    rtc_alarm_periodic_isr                   0x00001d05   Thumb Code    88  r_rtc.o(.text.rtc_alarm_periodic_isr)
    rtc_callback                             0x00001d5d   Thumb Code    20  hal_entry.o(.text.rtc_callback)
    rtc_carry_isr                            0x00001d79   Thumb Code    32  r_rtc.o(.text.rtc_carry_isr)
    sci_uart_eri_isr                         0x00001d9d   Thumb Code    88  r_sci_uart.o(.text.sci_uart_eri_isr)
    sci_uart_rxi_isr                         0x00001dfd   Thumb Code   112  r_sci_uart.o(.text.sci_uart_rxi_isr)
    sci_uart_tei_isr                         0x00001e6d   Thumb Code    56  r_sci_uart.o(.text.sci_uart_tei_isr)
    sci_uart_txi_isr                         0x00001ea9   Thumb Code   120  r_sci_uart.o(.text.sci_uart_txi_isr)
    smg_1                                    0x00001f29   Thumb Code    68  hal_tube.o(.text.smg_1)
    smg_2                                    0x00001f6d   Thumb Code    72  hal_tube.o(.text.smg_2)
    smg_3                                    0x00001fb5   Thumb Code    72  hal_tube.o(.text.smg_3)
    smg_4                                    0x00001ffd   Thumb Code    72  hal_tube.o(.text.smg_4)
    smg_maohao_open                          0x00002045   Thumb Code   176  hal_tube.o(.text.smg_maohao_open)
    smg_num                                  0x000020f5   Thumb Code   132  hal_tube.o(.text.smg_num)
    timer0_callback                          0x00002209   Thumb Code    64  hal_entry.o(.text.timer0_callback)
    tube_show                                0x00002251   Thumb Code   396  hal_tube.o(.text.tube_show)
    user_uart_callback                       0x000023fd   Thumb Code    16  hal_entry.o(.text.user_uart_callback)
    g_bsp_pin_cfg                            0x000024f4   Data           8  pin_data.o(.rodata.g_bsp_pin_cfg)
    g_bsp_pin_cfg_data                       0x000024fc   Data         176  pin_data.o(.rodata.g_bsp_pin_cfg_data)
    g_interrupt_event_link_select            0x000025ac   Data         128  vector_data.o(.rodata.g_interrupt_event_link_select)
    g_rtc0_cfg                               0x0000262c   Data          48  hal_data.o(.rodata.g_rtc0_cfg)
    g_rtc0_err_cfg                           0x0000265c   Data          16  hal_data.o(.rodata.g_rtc0_err_cfg)
    g_timer0_cfg                             0x0000266c   Data          36  hal_data.o(.rodata.g_timer0_cfg)
    g_timer0_extend                          0x00002690   Data          72  hal_data.o(.rodata.g_timer0_extend)
    g_uart9_cfg                              0x000026d8   Data          68  hal_data.o(.rodata.g_uart9_cfg)
    g_uart9_cfg_extend                       0x0000271c   Data          40  hal_data.o(.rodata.g_uart9_cfg_extend)
    Load$$DATA$$Base                         0x000027b8   Number         0  anon$$obj.o ABSOLUTE
    Image$$DATA$$Base                        0x20004000   Number         0  anon$$obj.o ABSOLUTE
    g_uart9_baud_setting                     0x20004514   Data           4  hal_data.o(.data.g_uart9_baud_setting)
    set_alarm_time                           0x20004518   Data          56  hal_entry.o(.data.set_alarm_time)
    set_time                                 0x20004550   Data          44  hal_entry.o(.data.set_time)
    Btn_KEY1                                 0x20004580   Data          44  hal_entry.o(.bss.Btn_KEY1)
    Image$$BSS$$ZI$$Base                     0x20004580   Number         0  anon$$obj.o ABSOLUTE
    Btn_KEY2                                 0x200045ac   Data          44  hal_entry.o(.bss.Btn_KEY2)
    Btn_KEY3                                 0x200045d8   Data          44  hal_entry.o(.bss.Btn_KEY3)
    Btn_KEY4                                 0x20004604   Data          44  hal_entry.o(.bss.Btn_KEY4)
    SystemCoreClock                          0x20004630   Data           4  system.o(.bss.SystemCoreClock)
    blinker_flag                             0x20004634   Data           1  hal_entry.o(.bss.blinker_flag)
    button_timecnt                           0x20004638   Data           8  hal_entry.o(.bss.button_timecnt)
    err                                      0x20004640   Data           4  hal_entry.o(.bss.err)
    g_bsp_group_irq_sources                  0x20004644   Data          64  bsp_group_irq.o(.bss.g_bsp_group_irq_sources)
    g_ioport_ctrl                            0x20004684   Data           8  common_data.o(.bss.g_ioport_ctrl)
    g_protect_counters                       0x2000468c   Data           8  bsp_register_protection.o(.bss.g_protect_counters)
    g_protect_pfswe_counter                  0x20004694   Data           4  bsp_io.o(.bss.g_protect_pfswe_counter)
    g_rtc0_ctrl                              0x20004698   Data          24  hal_data.o(.bss.g_rtc0_ctrl)
    g_timer0_ctrl                            0x200046b0   Data          32  hal_data.o(.bss.g_timer0_ctrl)
    g_uart9_ctrl                             0x200046d0   Data          48  hal_data.o(.bss.g_uart9_ctrl)
    get_time                                 0x20004700   Data          44  hal_entry.o(.bss.get_time)
    gp_renesas_isr_context                   0x2000472c   Data         128  bsp_irq.o(.bss.gp_renesas_isr_context)
    humdity_decimal                          0x200047b0   Data           1  hal_entry.o(.bss.humdity_decimal)
    humdity_integer                          0x200047b1   Data           1  hal_entry.o(.bss.humdity_integer)
    rtc_alarm_flag                           0x200047b2   Data           1  hal_entry.o(.bss.rtc_alarm_flag)
    rtc_day                                  0x200047b3   Data           1  hal_entry.o(.bss.rtc_day)
    rtc_flag                                 0x200047b4   Data           1  hal_entry.o(.bss.rtc_flag)
    rtc_hour                                 0x200047b5   Data           1  hal_entry.o(.bss.rtc_hour)
    rtc_minute                               0x200047b6   Data           1  hal_entry.o(.bss.rtc_minute)
    rtc_month                                0x200047b7   Data           1  hal_entry.o(.bss.rtc_month)
    rtc_second                               0x200047b8   Data           1  hal_entry.o(.bss.rtc_second)
    rtc_week                                 0x200047b9   Data           1  hal_entry.o(.bss.rtc_week)
    rtc_year                                 0x200047ba   Data           2  hal_entry.o(.bss.rtc_year)
    set_hour                                 0x200047bc   Data           1  hal_entry.o(.bss.set_hour)
    set_min                                  0x200047bd   Data           1  hal_entry.o(.bss.set_min)
    show_mode                                0x200047be   Data           1  hal_entry.o(.bss.show_mode)
    temp_decimal                             0x200047bf   Data           1  hal_entry.o(.bss.temp_decimal)
    temp_integer                             0x200047c0   Data           1  hal_entry.o(.bss.temp_integer)
    tube_cnt                                 0x200047c8   Data           8  hal_tube.o(.bss.tube_cnt)
    uart_send_complete_flag                  0x200047d0   Data           1  hal_entry.o(.bss.uart_send_complete_flag)
    uiNow                                    0x200047d8   Data           8  hal_entry.o(.bss.uiNow)
    ulltimecnt                               0x200047e0   Data           8  hal_entry.o(.bss.ulltimecnt)



==============================================================================

Memory Map of the image

  Image Entry point : 0x000011a1

  Load Region LOAD_REGION_FLASH (Base: 0x00000000, Size: 0x00002d38, Max: 0x00010000, ABSOLUTE)

    Execution Region __tz_FLASH_S (Exec base: 0x00000000, Load base: 0x00000000, Size: 0x00000000, Max: 0x00000000, ABSOLUTE)

    Exec Addr    Load Addr    Size         Type   Attr      Idx    E Section Name        Object

    0x00000000        -       0x00000000   Zero   RW            1    __tz_FLASH_S.bss    anon$$obj.o


    Execution Region VECTORS (Exec base: 0x00000000, Load base: 0x00000000, Size: 0x000000c0, Max: 0xffffffff, ABSOLUTE, FIXED)

    Exec Addr    Load Addr    Size         Type   Attr      Idx    E Section Name        Object

    0x00000000   0x00000000   0x00000040   Data   RO          187    .fixed_vectors      startup.o
    0x00000040   0x00000040   0x00000080   Data   RO          542    .application_vectors  vector_data.o


    Execution Region VECTORS_FILL (Exec base: 0x000000c0, Load base: 0x000000c0, Size: 0x00000340, Max: 0x00000340, ABSOLUTE, FIXED)

    Exec Addr    Load Addr    Size         Type   Attr      Idx    E Section Name        Object

    0x000000c0        -       0x00000340   Zero   RW            2    VECTORS_FILL.bss    anon$$obj.o


    Execution Region ROM_REGISTERS (Exec base: 0x00000400, Load base: 0x00000400, Size: 0x0000003c, Max: 0xffffffff, ABSOLUTE, FIXED)

    Exec Addr    Load Addr    Size         Type   Attr      Idx    E Section Name        Object

    0x00000400   0x00000400   0x0000003c   Data   RO          310    .rom_registers      bsp_rom_registers.o


    Execution Region ROM_REGISTERS_FILL (Exec base: 0x0000043c, Load base: 0x0000043c, Size: 0x000000c4, Max: 0x000000c4, ABSOLUTE, FIXED)

    Exec Addr    Load Addr    Size         Type   Attr      Idx    E Section Name        Object

    0x0000043c        -       0x000000c4   Zero   RW            3    ROM_REGISTERS_FILL.bss  anon$$obj.o


    Execution Region MCUBOOT_SCE9_KEY (Exec base: 0x00000500, Load base: 0x00000500, Size: 0x00000000, Max: 0xffffffff, ABSOLUTE, FIXED)

    **** No section assigned to this execution region ****


    Execution Region INIT_ARRAY (Exec base: 0x00000500, Load base: 0x00000500, Size: 0x00000000, Max: 0xffffffff, ABSOLUTE, FIXED)

    **** No section assigned to this execution region ****


    Execution Region USB_DESC_FS (Exec base: 0x00000500, Load base: 0x00000500, Size: 0x00000000, Max: 0xffffffff, ABSOLUTE, FIXED)

    **** No section assigned to this execution region ****


    Execution Region RO_CODE_DATA (Exec base: 0x00000500, Load base: 0x00000500, Size: 0x000022b8, Max: 0xffffffff, ABSOLUTE, FIXED)

    Exec Addr    Load Addr    Size         Type   Attr      Idx    E Section Name        Object

    0x00000500   0x00000500   0x00000030   Code   RO          607    .text               mc_p.l(llmul.o)
    0x00000530   0x00000530   0x00000024   Code   RO          609    .text               mc_p.l(memcpya.o)
    0x00000554   0x00000554   0x00000024   Code   RO          611    .text               mc_p.l(memseta.o)
    0x00000578   0x00000578   0x00000034   Code   RO           35    .text.BTN1_SINGLE_Click_Handler  hal_entry.o
    0x000005ac   0x000005ac   0x00000030   Code   RO           37    .text.BTN2_SINGLE_Click_Handler  hal_entry.o
    0x000005dc   0x000005dc   0x00000034   Code   RO           39    .text.BTN3_SINGLE_Click_Handler  hal_entry.o
    0x00000610   0x00000610   0x0000003c   Code   RO           41    .text.BTN4_SINGLE_Click_Handler  hal_entry.o
    0x0000064c   0x0000064c   0x000000d8   Code   RO           92    .text.DHT11_Read    hal_dht11.o
    0x00000724   0x00000724   0x00000068   Code   RO           90    .text.DHT11_ReadByte  hal_dht11.o
    0x0000078c   0x0000078c   0x00000004   Code   RO          184    .text.Default_Handler  startup.o
    0x00000790   0x00000790   0x00000034   Code   RO          267    .text.NMI_Handler   bsp_group_irq.o
    0x000007c4   0x000007c4   0x0000000c   Code   RO          227    .text.R_BSP_Init_RTC  bsp_clocks.o
    0x000007d0   0x000007d0   0x00000034   Code   RO          297    .text.R_BSP_RegisterProtectDisable  bsp_register_protection.o
    0x00000804   0x00000804   0x00000044   Code   RO          295    .text.R_BSP_RegisterProtectEnable  bsp_register_protection.o
    0x00000848   0x00000848   0x00000060   Code   RO          253    .text.R_BSP_SoftwareDelay  bsp_delay.o
    0x000008a8   0x000008a8   0x00000024   Code   RO           49    .text.R_BSP_WarmStart  hal_entry.o
    0x000008cc   0x000008cc   0x00000120   Code   RO          318    .text.R_GPT_Open    r_gpt.o
    0x000009ec   0x000009ec   0x0000000a   Code   RO          320    .text.R_GPT_Start   r_gpt.o
    0x000009f6   0x000009f6   0x00000002   PAD
    0x000009f8   0x000009f8   0x00000014   Code   RO          373    .text.R_IOPORT_Open  r_ioport.o
    0x00000a0c   0x00000a0c   0x00000088   Code   RO          379    .text.R_IOPORT_PinCfg  r_ioport.o
    0x00000a94   0x00000a94   0x0000001c   Code   RO          385    .text.R_IOPORT_PinRead  r_ioport.o
    0x00000ab0   0x00000ab0   0x00000024   Code   RO          387    .text.R_IOPORT_PinWrite  r_ioport.o
    0x00000ad4   0x00000ad4   0x00000180   Code   RO          420    .text.R_RTC_CalendarAlarmSet  r_rtc.o
    0x00000c54   0x00000c54   0x00000118   Code   RO          418    .text.R_RTC_CalendarTimeGet  r_rtc.o
    0x00000d6c   0x00000d6c   0x000000d4   Code   RO          416    .text.R_RTC_CalendarTimeSet  r_rtc.o
    0x00000e40   0x00000e40   0x0000000c   Code   RO          414    .text.R_RTC_ClockSourceSet  r_rtc.o
    0x00000e4c   0x00000e4c   0x000000ac   Code   RO          410    .text.R_RTC_Open    r_rtc.o
    0x00000ef8   0x00000ef8   0x00000064   Code   RO          424    .text.R_RTC_PeriodicIrqRateSet  r_rtc.o
    0x00000f5c   0x00000f5c   0x00000244   Code   RO          449    .text.R_SCI_UART_Open  r_sci_uart.o
    0x000011a0   0x000011a0   0x0000000a   Code   RO          182  * .text.Reset_Handler  startup.o
    0x000011aa   0x000011aa   0x00000002   PAD
    0x000011ac   0x000011ac   0x00000018   Code   RO          213    .text.SystemCoreClockUpdate  bsp_clocks.o
    0x000011c4   0x000011c4   0x0000011c   Code   RO          196    .text.SystemInit    system.o
    0x000012e0   0x000012e0   0x00000004   Code   RO          242    .text.__aeabi_assert  bsp_common.o
    0x000012e4   0x000012e4   0x000000d0   Code   RO          219    .text.bsp_clock_init  bsp_clocks.o
    0x000013b4   0x000013b4   0x00000002   Code   RO          238    .text.bsp_init_internal  bsp_common.o
    0x000013b6   0x000013b6   0x00000002   PAD
    0x000013b8   0x000013b8   0x0000001c   Code   RO          285    .text.bsp_irq_cfg   bsp_irq.o
    0x000013d4   0x000013d4   0x0000002c   Code   RO          211    .text.bsp_prv_operating_mode_opccr_set  bsp_clocks.o
    0x00001400   0x00001400   0x00000008   Code   RO          255    .text.bsp_prv_software_delay_loop  bsp_delay.o
    0x00001408   0x00001408   0x00000008   Code   RO          161    .text.button_attach  multi_button.o
    0x00001410   0x00001410   0x000001e0   Code   RO          165    .text.button_handler  multi_button.o
    0x000015f0   0x000015f0   0x00000034   Code   RO          159    .text.button_init   multi_button.o
    0x00001624   0x00001624   0x00000024   Code   RO          167    .text.button_start  multi_button.o
    0x00001648   0x00001648   0x00000018   Code   RO          171    .text.button_ticks  multi_button.o
    0x00001660   0x00001660   0x000000a0   Code   RO          587    .text.fcu_frdyi_isr  r_flash_lp.o
    0x00001700   0x00001700   0x00000098   Code   RO          354    .text.gpt_counter_overflow_isr  r_gpt.o
    0x00001798   0x00001798   0x000001f4   Code   RO           47    .text.hal_entry     hal_entry.o
    0x0000198c   0x0000198c   0x0000000a   Code   RO          526    .text.main          main.o
    0x00001996   0x00001996   0x00000002   PAD
    0x00001998   0x00001998   0x0000005c   Code   RO          585    .text.r_flash_lp_df_enter_pe_mode  r_flash_lp.o
    0x000019f4   0x000019f4   0x0000004c   Code   RO          589    .text.r_flash_lp_df_write_monitor  r_flash_lp.o
    0x00001a40   0x00001a40   0x00000060   Code   RO          362    .text.r_gpt_enable_irq  r_gpt.o
    0x00001aa0   0x00001aa0   0x000000b4   Code   RO          399    .text.r_ioport_pins_config  r_ioport.o
    0x00001b54   0x00001b54   0x00000074   Code   RO          434    .text.r_rtc_error_adjustment_set  r_rtc.o
    0x00001bc8   0x00001bc8   0x00000068   Code   RO          432    .text.r_rtc_set_clock_source  r_rtc.o
    0x00001c30   0x00001c30   0x00000054   Code   RO          479    .text.r_sci_irq_cfg  r_sci_uart.o
    0x00001c84   0x00001c84   0x0000003e   Code   RO          471    .text.r_sci_uart_call_callback  r_sci_uart.o
    0x00001cc2   0x00001cc2   0x00000002   PAD
    0x00001cc4   0x00001cc4   0x00000040   Code   RO           33    .text.read_button_GPIO  hal_entry.o
    0x00001d04   0x00001d04   0x00000058   Code   RO          436    .text.rtc_alarm_periodic_isr  r_rtc.o
    0x00001d5c   0x00001d5c   0x0000001c   Code   RO           25    .text.rtc_callback  hal_entry.o
    0x00001d78   0x00001d78   0x00000024   Code   RO          438    .text.rtc_carry_isr  r_rtc.o
    0x00001d9c   0x00001d9c   0x00000060   Code   RO          477    .text.sci_uart_eri_isr  r_sci_uart.o
    0x00001dfc   0x00001dfc   0x00000070   Code   RO          473    .text.sci_uart_rxi_isr  r_sci_uart.o
    0x00001e6c   0x00001e6c   0x0000003c   Code   RO          475    .text.sci_uart_tei_isr  r_sci_uart.o
    0x00001ea8   0x00001ea8   0x00000080   Code   RO          469    .text.sci_uart_txi_isr  r_sci_uart.o
    0x00001f28   0x00001f28   0x00000044   Code   RO          104    .text.smg_1         hal_tube.o
    0x00001f6c   0x00001f6c   0x00000048   Code   RO          106    .text.smg_2         hal_tube.o
    0x00001fb4   0x00001fb4   0x00000048   Code   RO          108    .text.smg_3         hal_tube.o
    0x00001ffc   0x00001ffc   0x00000048   Code   RO          110    .text.smg_4         hal_tube.o
    0x00002044   0x00002044   0x000000b0   Code   RO          122    .text.smg_maohao_open  hal_tube.o
    0x000020f4   0x000020f4   0x00000114   Code   RO          102    .text.smg_num       hal_tube.o
    0x00002208   0x00002208   0x00000048   Code   RO           31    .text.timer0_callback  hal_entry.o
    0x00002250   0x00002250   0x000001ac   Code   RO          126    .text.tube_show     hal_tube.o
    0x000023fc   0x000023fc   0x00000014   Code   RO           27    .text.user_uart_callback  hal_entry.o
    0x00002410   0x00002410   0x0000000c   Ven    RO          624    Veneer$$Code        anon$$obj.o
    0x0000241c   0x0000241c   0x0000000c   Ven    RO          625    Veneer$$Code        anon$$obj.o
    0x00002428   0x00002428   0x0000000c   Ven    RO          626    Veneer$$Code        anon$$obj.o
    0x00002434   0x00002434   0x0000000c   Ven    RO          627    Veneer$$Code        anon$$obj.o
    0x00002440   0x00002440   0x0000000c   Ven    RO          628    Veneer$$Code        anon$$obj.o
    0x0000244c   0x0000244c   0x00000028   Data   RO          130    .rodata..Lswitch.table.smg_num  hal_tube.o
    0x00002474   0x00002474   0x00000028   Data   RO          131    .rodata..Lswitch.table.smg_num.1  hal_tube.o
    0x0000249c   0x0000249c   0x00000028   Data   RO          132    .rodata..Lswitch.table.smg_num.2  hal_tube.o
    0x000024c4   0x000024c4   0x00000028   Data   RO          133    .rodata..Lswitch.table.smg_num.3  hal_tube.o
    0x000024ec   0x000024ec   0x00000008   Data   RO          300    .rodata.cst8        bsp_register_protection.o
    0x000024f4   0x000024f4   0x00000008   Data   RO          536    .rodata.g_bsp_pin_cfg  pin_data.o
    0x000024fc   0x000024fc   0x000000b0   Data   RO          535    .rodata.g_bsp_pin_cfg_data  pin_data.o
    0x000025ac   0x000025ac   0x00000080   Data   RO          543    .rodata.g_interrupt_event_link_select  vector_data.o
    0x0000262c   0x0000262c   0x00000030   Data   RO          512    .rodata.g_rtc0_cfg  hal_data.o
    0x0000265c   0x0000265c   0x00000010   Data   RO          511    .rodata.g_rtc0_err_cfg  hal_data.o
    0x0000266c   0x0000266c   0x00000024   Data   RO          508    .rodata.g_timer0_cfg  hal_data.o
    0x00002690   0x00002690   0x00000048   Data   RO          507    .rodata.g_timer0_extend  hal_data.o
    0x000026d8   0x000026d8   0x00000044   Data   RO          517    .rodata.g_uart9_cfg  hal_data.o
    0x0000271c   0x0000271c   0x00000028   Data   RO          516    .rodata.g_uart9_cfg_extend  hal_data.o
    0x00002744   0x00002744   0x00000023   Data   RO           72    .rodata.str1.1      hal_entry.o
    0x00002767   0x00002767   0x00000001   PAD
    0x00002768   0x00002768   0x0000004e   Data   RO          244    .version            bsp_common.o


    Execution Region __tz_RAM_S (Exec base: 0x20004000, Load base: 0x000027b8, Size: 0x00000000, Max: 0x00000000, ABSOLUTE)

    Exec Addr    Load Addr    Size         Type   Attr      Idx    E Section Name        Object

    0x20004000        -       0x00000000   Zero   RW            4    __tz_RAM_S.bss      anon$$obj.o


    Execution Region DTC_VECTOR_TABLE (Exec base: 0x20004000, Load base: 0x000027b8, Size: 0x00000000, Max: 0x00004000, ABSOLUTE, UNINIT)

    **** No section assigned to this execution region ****


    Execution Region DATA (Exec base: 0x20004000, Load base: 0x000027b8, Size: 0x0000057c, Max: 0xffffffff, ABSOLUTE)

    Exec Addr    Load Addr    Size         Type   Attr      Idx    E Section Name        Object

    0x20004000   0x000027b8   0x00000508   Code   RO          583    .code_in_ram        r_flash_lp.o
    0x20004508   0x00002cc0   0x0000000c   Ven    RO          629    Veneer$$Code        anon$$obj.o
    0x20004514   0x00002ccc   0x00000004   Data   RW          515    .data.g_uart9_baud_setting  hal_data.o
    0x20004518   0x00002cd0   0x00000038   Data   RW           52    .data.set_alarm_time  hal_entry.o
    0x20004550   0x00002d08   0x0000002c   Data   RW           51    .data.set_time      hal_entry.o


    Execution Region BSS (Exec base: 0x20004580, Load base: 0x00002d34, Size: 0x00000268, Max: 0xffffffff, ABSOLUTE)

    Exec Addr    Load Addr    Size         Type   Attr      Idx    E Section Name        Object

    0x20004580        -       0x0000002c   Zero   RW           73    .bss.Btn_KEY1       hal_entry.o
    0x200045ac        -       0x0000002c   Zero   RW           74    .bss.Btn_KEY2       hal_entry.o
    0x200045d8        -       0x0000002c   Zero   RW           75    .bss.Btn_KEY3       hal_entry.o
    0x20004604        -       0x0000002c   Zero   RW           76    .bss.Btn_KEY4       hal_entry.o
    0x20004630        -       0x00000004   Zero   RW          200    .bss.SystemCoreClock  system.o
    0x20004634        -       0x00000001   Zero   RW           67    .bss.blinker_flag   hal_entry.o
    0x20004635   0x00002d34   0x00000003   PAD
    0x20004638        -       0x00000008   Zero   RW           66    .bss.button_timecnt  hal_entry.o
    0x20004640        -       0x00000004   Zero   RW           55    .bss.err            hal_entry.o
    0x20004644        -       0x00000040   Zero   RW          269    .bss.g_bsp_group_irq_sources  bsp_group_irq.o
    0x20004684        -       0x00000008   Zero   RW          494    .bss.g_ioport_ctrl  common_data.o
    0x2000468c        -       0x00000008   Zero   RW          299    .bss.g_protect_counters  bsp_register_protection.o
    0x20004694        -       0x00000004   Zero   RW          279    .bss.g_protect_pfswe_counter  bsp_io.o
    0x20004698        -       0x00000018   Zero   RW          513    .bss.g_rtc0_ctrl    hal_data.o
    0x200046b0        -       0x00000020   Zero   RW          509    .bss.g_timer0_ctrl  hal_data.o
    0x200046d0        -       0x00000030   Zero   RW          518    .bss.g_uart9_ctrl   hal_data.o
    0x20004700        -       0x0000002c   Zero   RW           69    .bss.get_time       hal_entry.o
    0x2000472c        -       0x00000080   Zero   RW          288    .bss.gp_renesas_isr_context  bsp_irq.o
    0x200047ac        -       0x00000004   Zero   RW          173    .bss.head_handle    multi_button.o
    0x200047b0        -       0x00000001   Zero   RW           78    .bss.humdity_decimal  hal_entry.o
    0x200047b1        -       0x00000001   Zero   RW           77    .bss.humdity_integer  hal_entry.o
    0x200047b2        -       0x00000001   Zero   RW           54    .bss.rtc_alarm_flag  hal_entry.o
    0x200047b3        -       0x00000001   Zero   RW           60    .bss.rtc_day        hal_entry.o
    0x200047b4        -       0x00000001   Zero   RW           53    .bss.rtc_flag       hal_entry.o
    0x200047b5        -       0x00000001   Zero   RW           59    .bss.rtc_hour       hal_entry.o
    0x200047b6        -       0x00000001   Zero   RW           58    .bss.rtc_minute     hal_entry.o
    0x200047b7        -       0x00000001   Zero   RW           61    .bss.rtc_month      hal_entry.o
    0x200047b8        -       0x00000001   Zero   RW           57    .bss.rtc_second     hal_entry.o
    0x200047b9        -       0x00000001   Zero   RW           63    .bss.rtc_week       hal_entry.o
    0x200047ba        -       0x00000002   Zero   RW           62    .bss.rtc_year       hal_entry.o
    0x200047bc        -       0x00000001   Zero   RW           70    .bss.set_hour       hal_entry.o
    0x200047bd        -       0x00000001   Zero   RW           71    .bss.set_min        hal_entry.o
    0x200047be        -       0x00000001   Zero   RW           68    .bss.show_mode      hal_entry.o
    0x200047bf        -       0x00000001   Zero   RW           80    .bss.temp_decimal   hal_entry.o
    0x200047c0        -       0x00000001   Zero   RW           79    .bss.temp_integer   hal_entry.o
    0x200047c1   0x00002d34   0x00000007   PAD
    0x200047c8        -       0x00000008   Zero   RW          129    .bss.tube_cnt       hal_tube.o
    0x200047d0        -       0x00000001   Zero   RW           56    .bss.uart_send_complete_flag  hal_entry.o
    0x200047d1   0x00002d34   0x00000007   PAD
    0x200047d8        -       0x00000008   Zero   RW           64    .bss.uiNow          hal_entry.o
    0x200047e0        -       0x00000008   Zero   RW           65    .bss.ulltimecnt     hal_entry.o


    Execution Region NOINIT (Exec base: 0x200047e8, Load base: 0x00002d34, Size: 0x00000014, Max: 0xffffffff, ABSOLUTE, UNINIT)

    Exec Addr    Load Addr    Size         Type   Attr      Idx    E Section Name        Object

    0x200047e8        -       0x00000014   Zero   RW          229    .bss.noinit         bsp_clocks.o


    Execution Region ARM_LIB_HEAP (Exec base: 0x20004800, Load base: 0x00002d38, Size: 0x00002000, Max: 0xffffffff, ABSOLUTE, UNINIT)

    Exec Addr    Load Addr    Size         Type   Attr      Idx    E Section Name        Object

    0x20004800        -       0x00002000   Zero   RW          188    .bss.heap           startup.o


    Execution Region ARM_LIB_STACK (Exec base: 0x20006800, Load base: 0x00002d38, Size: 0x00000000, Max: 0x00000000, ABSOLUTE, UNINIT)

    Exec Addr    Load Addr    Size         Type   Attr      Idx    E Section Name        Object

    0x20006800        -       0x00000000   Zero   RW            5    ARM_LIB_STACK.bss   anon$$obj.o


    Execution Region STACK (Exec base: 0x20006800, Load base: 0x00002d38, Size: 0x00000400, Max: 0xffffffff, ABSOLUTE, UNINIT)

    Exec Addr    Load Addr    Size         Type   Attr      Idx    E Section Name        Object

    0x20006800        -       0x00000400   Zero   RW          186    .bss.stack          startup.o


    Execution Region RAM_END (Exec base: 0x20006c00, Load base: 0x00002d38, Size: 0x00000004, Max: 0x00000004, ABSOLUTE)

    Exec Addr    Load Addr    Size         Type   Attr      Idx    E Section Name        Object

    0x20006c00        -       0x00000004   Zero   RW            6    RAM_END.bss         anon$$obj.o


    Execution Region __tz_RAM_C (Exec base: 0x20008000, Load base: 0x00002d38, Size: 0x00000000, Max: 0x00000000, ABSOLUTE)

    Exec Addr    Load Addr    Size         Type   Attr      Idx    E Section Name        Object

    0x20008000        -       0x00000000   Zero   RW            7    __tz_RAM_C.bss      anon$$obj.o


    Execution Region __tz_RAM_N (Exec base: 0x20008000, Load base: 0x00002d38, Size: 0x00000000, Max: 0x00000000, ABSOLUTE)

    Exec Addr    Load Addr    Size         Type   Attr      Idx    E Section Name        Object

    0x20008000        -       0x00000000   Zero   RW            8    __tz_RAM_N.bss      anon$$obj.o


    Execution Region RAM_LIMIT (Exec base: 0x20008000, Load base: 0x00002d38, Size: 0x00000004, Max: 0x00000004, ABSOLUTE)

    Exec Addr    Load Addr    Size         Type   Attr      Idx    E Section Name        Object

    0x20008000        -       0x00000004   Zero   RW            9    RAM_LIMIT.bss       anon$$obj.o


    Execution Region OSPI_DEVICE_0_NO_LOAD (Exec base: 0x80020000, Load base: 0x00002d38, Size: 0x00000000, Max: 0xffffffff, ABSOLUTE, UNINIT)

    **** No section assigned to this execution region ****


    Execution Region OSPI_DEVICE_1_NO_LOAD (Exec base: 0x80030000, Load base: 0x00002d38, Size: 0x00000000, Max: 0xffffffff, ABSOLUTE, UNINIT)

    **** No section assigned to this execution region ****



  Load Region LOAD_REGION_NSC_FLASH (Base: 0x00005400, Size: 0x00000000, Max: 0xffffffff, ABSOLUTE)

    Execution Region __tz_FLASH_C (Exec base: 0x00005400, Load base: 0x00005400, Size: 0x00000000, Max: 0x00000000, ABSOLUTE)

    Exec Addr    Load Addr    Size         Type   Attr      Idx    E Section Name        Object

    0x00005400        -       0x00000000   Zero   RW           10    __tz_FLASH_C.bss    anon$$obj.o


    Execution Region EXEC_NSCR (Exec base: 0x00005400, Load base: 0x00005400, Size: 0x00000000, Max: 0xffffffff, ABSOLUTE, FIXED)

    **** No section assigned to this execution region ****


    Execution Region __tz_FLASH_N (Exec base: 0x00008000, Load base: 0x00005400, Size: 0x00000000, Max: 0x00000000, ABSOLUTE)

    Exec Addr    Load Addr    Size         Type   Attr      Idx    E Section Name        Object

    0x00008000        -       0x00000000   Zero   RW           11    __tz_FLASH_N.bss    anon$$obj.o



  Load Region LOAD_REGION_ID_CODE (Base: 0x01010018, Size: 0x0000001c, Max: 0x00000020, ABSOLUTE)

    Execution Region __tz_ID_CODE_S (Exec base: 0x01010018, Load base: 0x01010018, Size: 0x00000000, Max: 0x00000000, ABSOLUTE)

    Exec Addr    Load Addr    Size         Type   Attr      Idx    E Section Name        Object

    0x01010018        -       0x00000000   Zero   RW           12    __tz_ID_CODE_S.bss  anon$$obj.o


    Execution Region __tz_ID_CODE_N (Exec base: 0x01010018, Load base: 0x01010018, Size: 0x00000000, Max: 0x00000000, ABSOLUTE)

    Exec Addr    Load Addr    Size         Type   Attr      Idx    E Section Name        Object

    0x01010018        -       0x00000000   Zero   RW           13    __tz_ID_CODE_N.bss  anon$$obj.o


    Execution Region ID_CODE (Exec base: 0x01010018, Load base: 0x01010018, Size: 0x0000001c, Max: 0xffffffff, ABSOLUTE, FIXED)

    Exec Addr    Load Addr    Size         Type   Attr      Idx    E Section Name        Object

    0x01010018   0x01010018   0x0000001c   Data   RO          309    .id_code            bsp_rom_registers.o



  Load Region LOAD_REGION_DATA_FLASH (Base: 0x40100000, Size: 0x00000000, Max: 0x00001000, ABSOLUTE)

    Execution Region __tz_DATA_FLASH_S (Exec base: 0x40100000, Load base: 0x40100000, Size: 0x00000000, Max: 0x00000000, ABSOLUTE)

    Exec Addr    Load Addr    Size         Type   Attr      Idx    E Section Name        Object

    0x40100000        -       0x00000000   Zero   RW           14    __tz_DATA_FLASH_S.bss  anon$$obj.o


    Execution Region DATA_FLASH (Exec base: 0x40100000, Load base: 0x40100000, Size: 0x00000000, Max: 0xffffffff, ABSOLUTE)

    **** No section assigned to this execution region ****


    Execution Region __tz_DATA_FLASH_N (Exec base: 0x40100000, Load base: 0x40100000, Size: 0x00000000, Max: 0x00000000, ABSOLUTE)

    Exec Addr    Load Addr    Size         Type   Attr      Idx    E Section Name        Object

    0x40100000        -       0x00000000   Zero   RW           15    __tz_DATA_FLASH_N.bss  anon$$obj.o



  Load Region LOAD_REGION_QSPI_FLASH (Base: 0x60000000, Size: 0x00000000, Max: 0x00000000, ABSOLUTE)

    Execution Region __tz_QSPI_FLASH_S (Exec base: 0x60000000, Load base: 0x60000000, Size: 0x00000000, Max: 0x00000000, ABSOLUTE)

    Exec Addr    Load Addr    Size         Type   Attr      Idx    E Section Name        Object

    0x60000000        -       0x00000000   Zero   RW           16    __tz_QSPI_FLASH_S.bss  anon$$obj.o


    Execution Region QSPI_FLASH (Exec base: 0x60000000, Load base: 0x60000000, Size: 0x00000000, Max: 0xffffffff, ABSOLUTE, FIXED)

    **** No section assigned to this execution region ****


    Execution Region __tz_QSPI_FLASH_N (Exec base: 0x60000000, Load base: 0x60000000, Size: 0x00000000, Max: 0x00000000, ABSOLUTE)

    Exec Addr    Load Addr    Size         Type   Attr      Idx    E Section Name        Object

    0x60000000        -       0x00000000   Zero   RW           17    __tz_QSPI_FLASH_N.bss  anon$$obj.o



  Load Region LOAD_REGION_OSPI_DEVICE_0 (Base: 0x80020000, Size: 0x00000000, Max: 0x00000000, ABSOLUTE)

    Execution Region __tz_OSPI_DEVICE_0_S (Exec base: 0x80020000, Load base: 0x80020000, Size: 0x00000000, Max: 0x00000000, ABSOLUTE)

    Exec Addr    Load Addr    Size         Type   Attr      Idx    E Section Name        Object

    0x80020000        -       0x00000000   Zero   RW           18    __tz_OSPI_DEVICE_0_S.bss  anon$$obj.o


    Execution Region OSPI_DEVICE_0 (Exec base: 0x80020000, Load base: 0x80020000, Size: 0x00000000, Max: 0xffffffff, ABSOLUTE, FIXED)

    **** No section assigned to this execution region ****


    Execution Region __tz_OSPI_DEVICE_0_N (Exec base: 0x80020000, Load base: 0x80020000, Size: 0x00000000, Max: 0x00000000, ABSOLUTE)

    Exec Addr    Load Addr    Size         Type   Attr      Idx    E Section Name        Object

    0x80020000        -       0x00000000   Zero   RW           19    __tz_OSPI_DEVICE_0_N.bss  anon$$obj.o



  Load Region LOAD_REGION_OSPI_DEVICE_1 (Base: 0x80030000, Size: 0x00000000, Max: 0x00000000, ABSOLUTE)

    Execution Region __tz_OSPI_DEVICE_1_S (Exec base: 0x80030000, Load base: 0x80030000, Size: 0x00000000, Max: 0x00000000, ABSOLUTE)

    Exec Addr    Load Addr    Size         Type   Attr      Idx    E Section Name        Object

    0x80030000        -       0x00000000   Zero   RW           20    __tz_OSPI_DEVICE_1_S.bss  anon$$obj.o


    Execution Region OSPI_DEVICE_1 (Exec base: 0x80030000, Load base: 0x80030000, Size: 0x00000000, Max: 0xffffffff, ABSOLUTE, FIXED)

    **** No section assigned to this execution region ****


    Execution Region __tz_OSPI_DEVICE_1_N (Exec base: 0x80030000, Load base: 0x80030000, Size: 0x00000000, Max: 0x00000000, ABSOLUTE)

    Exec Addr    Load Addr    Size         Type   Attr      Idx    E Section Name        Object

    0x80030000        -       0x00000000   Zero   RW           21    __tz_OSPI_DEVICE_1_N.bss  anon$$obj.o



  Load Region LOAD_REGION_SDRAM (Base: 0x80010000, Size: 0x00000000, Max: 0x00000000, ABSOLUTE)

    Execution Region __tz_SDRAM_S (Exec base: 0x80010000, Load base: 0x80010000, Size: 0x00000000, Max: 0x00000000, ABSOLUTE)

    Exec Addr    Load Addr    Size         Type   Attr      Idx    E Section Name        Object

    0x80010000        -       0x00000000   Zero   RW           22    __tz_SDRAM_S.bss    anon$$obj.o


    Execution Region SDRAM (Exec base: 0x80010000, Load base: 0x80010000, Size: 0x00000000, Max: 0xffffffff, ABSOLUTE, FIXED)

    **** No section assigned to this execution region ****


    Execution Region __tz_SDRAM_N (Exec base: 0x80010000, Load base: 0x80010000, Size: 0x00000000, Max: 0x00000000, ABSOLUTE)

    Exec Addr    Load Addr    Size         Type   Attr      Idx    E Section Name        Object

    0x80010000        -       0x00000000   Zero   RW           23    __tz_SDRAM_N.bss    anon$$obj.o


==============================================================================

Image component sizes


      Code (inc. data)   RO Data    RW Data    ZI Data      Debug   Object Name

       288         60          0          0         20      34383   bsp_clocks.o
         6          0         78          0          0       9556   bsp_common.o
       104          8          0          0          0       1604   bsp_delay.o
        52          8          0          0         64      13538   bsp_group_irq.o
         0          0          0          0          4        405   bsp_io.o
        28          8          0          0        128       8534   bsp_irq.o
       120         12          8          0          8      22094   bsp_register_protection.o
         0          0         88          0          0        531   bsp_rom_registers.o
         0          0          0          0          8      17337   common_data.o
         0          0        280          4        104      58832   hal_data.o
       320         24          0          0          0      17349   hal_dht11.o
       932        200         35        100        267      31588   hal_entry.o
      1164        176        160          0          8      18337   hal_tube.o
        10          0          0          0          0        328   main.o
       600          4          0          0          4       3419   multi_button.o
         0          0        184          0          0       7871   pin_data.o
      1616        132          0          0          0      58958   r_flash_lp.o
       546         44          0          0          0      72606   r_gpt.o
       400         40          0          0          0      30094   r_ioport.o
      1504         52          0          0          0      34383   r_rtc.o
      1122         60          0          0          0      70012   r_sci_uart.o
        14          0         64          0       9216        869   startup.o
       284         52          0          0          4      12531   system.o
         0          0        256          0          0       4528   vector_data.o

    ----------------------------------------------------------------------
      9192        904       1156        104      10888     529687   Object Totals
        72         24          0          0       1036          0   (incl. Generated)
        10          0          3          0         17          0   (incl. Padding)

    ----------------------------------------------------------------------

      Code (inc. data)   RO Data    RW Data    ZI Data      Debug   Library Member Name

        48          0          0          0          0         72   llmul.o
        36          0          0          0          0         60   memcpya.o
        36          0          0          0          0        100   memseta.o

    ----------------------------------------------------------------------
       120          0          0          0          0        232   Library Totals
         0          0          0          0          0          0   (incl. Padding)

    ----------------------------------------------------------------------

      Code (inc. data)   RO Data    RW Data    ZI Data      Debug   Library Name

       120          0          0          0          0        232   mc_p.l

    ----------------------------------------------------------------------
       120          0          0          0          0        232   Library Totals

    ----------------------------------------------------------------------

==============================================================================


      Code (inc. data)   RO Data    RW Data    ZI Data      Debug   

      9312        904       1156        104      10888     529491   Grand Totals
      9312        904       1156        104      10888     529491   ELF Image Totals
      9312        904       1156        104          0          0   ROM Totals

==============================================================================

    Total RO  Size (Code + RO Data)                10468 (  10.22kB)
    Total RW  Size (RW Data + ZI Data)             10992 (  10.73kB)
    Total ROM Size (Code + RO Data + RW Data)      10572 (  10.32kB)

==============================================================================

